[0.529s] DEBUG:colcon:Command line arguments: ['/usr/bin/colcon', 'build']
[0.530s] DEBUG:colcon:Parsed command line arguments: Namespace(log_base=None, log_level=None, verb_name='build', build_base='build', install_base='install', merge_install=False, symlink_install=False, test_result_base=None, continue_on_error=False, executor='parallel', parallel_workers=8, event_handlers=None, ignore_user_meta=False, metas=['./colcon.meta'], base_paths=['.'], packages_ignore=None, packages_ignore_regex=None, paths=None, packages_up_to=None, packages_up_to_regex=None, packages_above=None, packages_above_and_dependencies=None, packages_above_depth=None, packages_select_by_dep=None, packages_skip_by_dep=None, packages_skip_up_to=None, packages_select_build_failed=False, packages_skip_build_finished=False, packages_select_test_failures=False, packages_skip_test_passed=False, packages_select=None, packages_skip=None, packages_select_regex=None, packages_skip_regex=None, packages_start=None, packages_end=None, allow_overriding=[], cmake_args=None, cmake_target=None, cmake_target_skip_unavailable=False, cmake_clean_cache=False, cmake_clean_first=False, cmake_force_configure=False, ament_cmake_args=None, catkin_cmake_args=None, catkin_skip_building_tests=False, mixin_files=None, mixin=None, verb_parser=<colcon_mixin.mixin.mixin_argument.MixinArgumentDecorator object at 0x72604c3f68f0>, verb_extension=<colcon_core.verb.build.BuildVerb object at 0x72604c4e6830>, main=<bound method BuildVerb.main of <colcon_core.verb.build.BuildVerb object at 0x72604c4e6830>>, mixin_verb=('build',))
[1.229s] Level 1:colcon.colcon_core.package_discovery:discover_packages(colcon_meta) check parameters
[1.229s] Level 1:colcon.colcon_core.package_discovery:discover_packages(recursive) check parameters
[1.229s] Level 1:colcon.colcon_core.package_discovery:discover_packages(ignore) check parameters
[1.230s] Level 1:colcon.colcon_core.package_discovery:discover_packages(path) check parameters
[1.230s] Level 1:colcon.colcon_core.package_discovery:discover_packages(colcon_meta) discover
[1.230s] Level 1:colcon.colcon_core.package_discovery:discover_packages(recursive) discover
[1.231s] INFO:colcon.colcon_core.package_discovery:Crawling recursively for packages in '/home/evrey/ros2_ws/my_sos'
[1.232s] Level 1:colcon.colcon_core.package_identification:_identify(.) by extensions ['ignore', 'ignore_ament_install']
[1.234s] Level 1:colcon.colcon_core.package_identification:_identify(.) by extension 'ignore'
[1.235s] Level 1:colcon.colcon_core.package_identification:_identify(.) by extension 'ignore_ament_install'
[1.235s] Level 1:colcon.colcon_core.package_identification:_identify(.) by extensions ['colcon_pkg']
[1.235s] Level 1:colcon.colcon_core.package_identification:_identify(.) by extension 'colcon_pkg'
[1.235s] Level 1:colcon.colcon_core.package_identification:_identify(.) by extensions ['colcon_meta']
[1.235s] Level 1:colcon.colcon_core.package_identification:_identify(.) by extension 'colcon_meta'
[1.236s] Level 1:colcon.colcon_core.package_identification:_identify(.) by extensions ['ros']
[1.236s] Level 1:colcon.colcon_core.package_identification:_identify(.) by extension 'ros'
[1.296s] DEBUG:colcon.colcon_core.package_identification:Package '.' with type 'ros.ament_python' and name 'my_sos'
[1.296s] Level 1:colcon.colcon_core.package_discovery:discover_packages(recursive) using defaults
[1.296s] Level 1:colcon.colcon_core.package_discovery:discover_packages(ignore) discover
[1.297s] Level 1:colcon.colcon_core.package_discovery:discover_packages(ignore) using defaults
[1.297s] Level 1:colcon.colcon_core.package_discovery:discover_packages(path) discover
[1.297s] Level 1:colcon.colcon_core.package_discovery:discover_packages(path) using defaults
[1.387s] Level 1:colcon.colcon_core.package_discovery:discover_packages(prefix_path) check parameters
[1.387s] Level 1:colcon.colcon_core.package_discovery:discover_packages(prefix_path) discover
[1.396s] DEBUG:colcon.colcon_installed_package_information.package_discovery:Found 1 installed packages in /home/evrey/ros2_ws/my_sos/install
[1.398s] DEBUG:colcon.colcon_installed_package_information.package_discovery:Found 2 installed packages in /home/evrey/ros2_ws/install
[1.403s] DEBUG:colcon.colcon_installed_package_information.package_discovery:Found 293 installed packages in /opt/ros/humble
[1.476s] Level 1:colcon.colcon_core.package_discovery:discover_packages(prefix_path) using defaults
[1.638s] Level 5:colcon.colcon_core.verb:set package 'my_sos' build argument 'cmake_args' from command line to 'None'
[1.638s] Level 5:colcon.colcon_core.verb:set package 'my_sos' build argument 'cmake_target' from command line to 'None'
[1.638s] Level 5:colcon.colcon_core.verb:set package 'my_sos' build argument 'cmake_target_skip_unavailable' from command line to 'False'
[1.638s] Level 5:colcon.colcon_core.verb:set package 'my_sos' build argument 'cmake_clean_cache' from command line to 'False'
[1.638s] Level 5:colcon.colcon_core.verb:set package 'my_sos' build argument 'cmake_clean_first' from command line to 'False'
[1.638s] Level 5:colcon.colcon_core.verb:set package 'my_sos' build argument 'cmake_force_configure' from command line to 'False'
[1.638s] Level 5:colcon.colcon_core.verb:set package 'my_sos' build argument 'ament_cmake_args' from command line to 'None'
[1.638s] Level 5:colcon.colcon_core.verb:set package 'my_sos' build argument 'catkin_cmake_args' from command line to 'None'
[1.639s] Level 5:colcon.colcon_core.verb:set package 'my_sos' build argument 'catkin_skip_building_tests' from command line to 'False'
[1.639s] DEBUG:colcon.colcon_core.verb:Building package 'my_sos' with the following arguments: {'ament_cmake_args': None, 'build_base': '/home/evrey/ros2_ws/my_sos/build/my_sos', 'catkin_cmake_args': None, 'catkin_skip_building_tests': False, 'cmake_args': None, 'cmake_clean_cache': False, 'cmake_clean_first': False, 'cmake_force_configure': False, 'cmake_target': None, 'cmake_target_skip_unavailable': False, 'install_base': '/home/evrey/ros2_ws/my_sos/install/my_sos', 'merge_install': False, 'path': '/home/evrey/ros2_ws/my_sos', 'symlink_install': False, 'test_result_base': None}
[1.639s] INFO:colcon.colcon_core.executor:Executing jobs using 'parallel' executor
[1.643s] DEBUG:colcon.colcon_parallel_executor.executor.parallel:run_until_complete
[1.644s] INFO:colcon.colcon_ros.task.ament_python.build:Building ROS package in '/home/evrey/ros2_ws/my_sos' with build type 'ament_python'
[1.645s] Level 1:colcon.colcon_core.shell:create_environment_hook('my_sos', 'ament_prefix_path')
[1.654s] INFO:colcon.colcon_core.plugin_system:Skipping extension 'colcon_core.shell.bat': Not used on non-Windows systems
[1.655s] INFO:colcon.colcon_core.shell:Creating environment hook '/home/evrey/ros2_ws/my_sos/install/my_sos/share/my_sos/hook/ament_prefix_path.ps1'
[1.656s] INFO:colcon.colcon_core.shell:Creating environment descriptor '/home/evrey/ros2_ws/my_sos/install/my_sos/share/my_sos/hook/ament_prefix_path.dsv'
[1.658s] INFO:colcon.colcon_core.shell:Creating environment hook '/home/evrey/ros2_ws/my_sos/install/my_sos/share/my_sos/hook/ament_prefix_path.sh'
[1.661s] INFO:colcon.colcon_core.shell:Skip shell extension 'powershell' for command environment: Not usable outside of PowerShell
[1.661s] DEBUG:colcon.colcon_core.shell:Skip shell extension 'dsv' for command environment
[2.837s] INFO:colcon.colcon_core.task.python.build:Building Python package in '/home/evrey/ros2_ws/my_sos'
[2.838s] INFO:colcon.colcon_core.shell:Skip shell extension 'powershell' for command environment: Not usable outside of PowerShell
[2.839s] DEBUG:colcon.colcon_core.shell:Skip shell extension 'dsv' for command environment
[4.286s] DEBUG:colcon.colcon_core.event_handler.log_command:Invoking command in '/home/evrey/ros2_ws/my_sos': PYTHONPATH=/home/evrey/ros2_ws/my_sos/build/my_sos/prefix_override:/usr/lib/python3/dist-packages/colcon_core/task/python/colcon_distutils_commands:/home/evrey/ros2_ws/my_sos/install/my_sos/lib/python3.10/site-packages:${PYTHONPATH} /usr/bin/python3 -W ignore:setup.py install is deprecated setup.py egg_info --egg-base build/my_sos build --build-base /home/evrey/ros2_ws/my_sos/build/my_sos/build install --record /home/evrey/ros2_ws/my_sos/build/my_sos/install.log --single-version-externally-managed install_data
[5.620s] DEBUG:colcon.colcon_core.event_handler.log_command:Invoked command in '/home/evrey/ros2_ws/my_sos' returned '0': PYTHONPATH=/home/evrey/ros2_ws/my_sos/build/my_sos/prefix_override:/usr/lib/python3/dist-packages/colcon_core/task/python/colcon_distutils_commands:/home/evrey/ros2_ws/my_sos/install/my_sos/lib/python3.10/site-packages:${PYTHONPATH} /usr/bin/python3 -W ignore:setup.py install is deprecated setup.py egg_info --egg-base build/my_sos build --build-base /home/evrey/ros2_ws/my_sos/build/my_sos/build install --record /home/evrey/ros2_ws/my_sos/build/my_sos/install.log --single-version-externally-managed install_data
[5.627s] Level 1:colcon.colcon_core.environment:checking '/home/evrey/ros2_ws/my_sos/install/my_sos' for CMake module files
[5.628s] Level 1:colcon.colcon_core.environment:checking '/home/evrey/ros2_ws/my_sos/install/my_sos' for CMake config files
[5.630s] Level 1:colcon.colcon_core.environment:checking '/home/evrey/ros2_ws/my_sos/install/my_sos/lib'
[5.631s] Level 1:colcon.colcon_core.environment:checking '/home/evrey/ros2_ws/my_sos/install/my_sos/bin'
[5.632s] Level 1:colcon.colcon_core.environment:checking '/home/evrey/ros2_ws/my_sos/install/my_sos/lib/pkgconfig/my_sos.pc'
[5.633s] Level 1:colcon.colcon_core.environment:checking '/home/evrey/ros2_ws/my_sos/install/my_sos/lib/python3.10/site-packages'
[5.633s] Level 1:colcon.colcon_core.shell:create_environment_hook('my_sos', 'pythonpath')
[5.634s] INFO:colcon.colcon_core.shell:Creating environment hook '/home/evrey/ros2_ws/my_sos/install/my_sos/share/my_sos/hook/pythonpath.ps1'
[5.635s] INFO:colcon.colcon_core.shell:Creating environment descriptor '/home/evrey/ros2_ws/my_sos/install/my_sos/share/my_sos/hook/pythonpath.dsv'
[5.636s] INFO:colcon.colcon_core.shell:Creating environment hook '/home/evrey/ros2_ws/my_sos/install/my_sos/share/my_sos/hook/pythonpath.sh'
[5.638s] Level 1:colcon.colcon_core.environment:checking '/home/evrey/ros2_ws/my_sos/install/my_sos/bin'
[5.639s] Level 1:colcon.colcon_core.environment:create_environment_scripts_only(my_sos)
[5.640s] INFO:colcon.colcon_core.shell:Creating package script '/home/evrey/ros2_ws/my_sos/install/my_sos/share/my_sos/package.ps1'
[5.644s] INFO:colcon.colcon_core.shell:Creating package descriptor '/home/evrey/ros2_ws/my_sos/install/my_sos/share/my_sos/package.dsv'
[5.648s] INFO:colcon.colcon_core.shell:Creating package script '/home/evrey/ros2_ws/my_sos/install/my_sos/share/my_sos/package.sh'
[5.652s] INFO:colcon.colcon_core.shell:Creating package script '/home/evrey/ros2_ws/my_sos/install/my_sos/share/my_sos/package.bash'
[5.656s] INFO:colcon.colcon_core.shell:Creating package script '/home/evrey/ros2_ws/my_sos/install/my_sos/share/my_sos/package.zsh'
[5.661s] Level 1:colcon.colcon_core.environment:create_file_with_runtime_dependencies(/home/evrey/ros2_ws/my_sos/install/my_sos/share/colcon-core/packages/my_sos)
[5.665s] DEBUG:colcon.colcon_parallel_executor.executor.parallel:closing loop
[5.665s] DEBUG:colcon.colcon_parallel_executor.executor.parallel:loop closed
[5.665s] DEBUG:colcon.colcon_parallel_executor.executor.parallel:run_until_complete finished with '0'
[5.665s] DEBUG:colcon.colcon_core.event_reactor:joining thread
[5.685s] INFO:colcon.colcon_core.plugin_system:Skipping extension 'colcon_notification.desktop_notification.terminal_notifier': Not used on non-Darwin systems
[5.686s] INFO:colcon.colcon_core.plugin_system:Skipping extension 'colcon_notification.desktop_notification.win32': Not used on non-Windows systems
[5.686s] INFO:colcon.colcon_notification.desktop_notification:Sending desktop notification using 'notify2'
[5.733s] DEBUG:colcon.colcon_core.event_reactor:joined thread
[5.733s] INFO:colcon.colcon_core.shell:Creating prefix script '/home/evrey/ros2_ws/my_sos/install/local_setup.ps1'
[5.736s] INFO:colcon.colcon_core.shell:Creating prefix util module '/home/evrey/ros2_ws/my_sos/install/_local_setup_util_ps1.py'
[5.742s] INFO:colcon.colcon_core.shell:Creating prefix chain script '/home/evrey/ros2_ws/my_sos/install/setup.ps1'
[5.749s] INFO:colcon.colcon_core.shell:Creating prefix script '/home/evrey/ros2_ws/my_sos/install/local_setup.sh'
[5.753s] INFO:colcon.colcon_core.shell:Creating prefix util module '/home/evrey/ros2_ws/my_sos/install/_local_setup_util_sh.py'
[5.756s] INFO:colcon.colcon_core.shell:Creating prefix chain script '/home/evrey/ros2_ws/my_sos/install/setup.sh'
[5.761s] INFO:colcon.colcon_core.shell:Creating prefix script '/home/evrey/ros2_ws/my_sos/install/local_setup.bash'
[5.764s] INFO:colcon.colcon_core.shell:Creating prefix chain script '/home/evrey/ros2_ws/my_sos/install/setup.bash'
[5.770s] INFO:colcon.colcon_core.shell:Creating prefix script '/home/evrey/ros2_ws/my_sos/install/local_setup.zsh'
[5.773s] INFO:colcon.colcon_core.shell:Creating prefix chain script '/home/evrey/ros2_ws/my_sos/install/setup.zsh'
