[0.661s] Invoking command in '/home/evrey/ros2_ws/my_sos': PYTHONPATH=/home/evrey/ros2_ws/my_sos/build/my_sos/prefix_override:/usr/lib/python3/dist-packages/colcon_core/task/python/colcon_distutils_commands:/home/evrey/ros2_ws/my_sos/install/my_sos/lib/python3.10/site-packages:${PYTHONPATH} /usr/bin/python3 -W ignore:setup.py install is deprecated setup.py egg_info --egg-base build/my_sos build --build-base /home/evrey/ros2_ws/my_sos/build/my_sos/build install --record /home/evrey/ros2_ws/my_sos/build/my_sos/install.log --single-version-externally-managed install_data
[0.926s] running egg_info
[0.926s] writing build/my_sos/my_sos.egg-info/PKG-INFO
[0.926s] writing dependency_links to build/my_sos/my_sos.egg-info/dependency_links.txt
[0.927s] writing entry points to build/my_sos/my_sos.egg-info/entry_points.txt
[0.927s] writing requirements to build/my_sos/my_sos.egg-info/requires.txt
[0.927s] writing top-level names to build/my_sos/my_sos.egg-info/top_level.txt
[0.930s] reading manifest file 'build/my_sos/my_sos.egg-info/SOURCES.txt'
[0.931s] writing manifest file 'build/my_sos/my_sos.egg-info/SOURCES.txt'
[0.931s] running build
[0.931s] running build_py
[0.931s] copying my_sos/camera.py -> /home/evrey/ros2_ws/my_sos/build/my_sos/build/lib/my_sos
[0.931s] running install
[0.931s] running install_lib
[0.932s] copying /home/evrey/ros2_ws/my_sos/build/my_sos/build/lib/my_sos/camera.py -> /home/evrey/ros2_ws/my_sos/install/my_sos/lib/python3.10/site-packages/my_sos
[0.933s] byte-compiling /home/evrey/ros2_ws/my_sos/install/my_sos/lib/python3.10/site-packages/my_sos/camera.py to camera.cpython-310.pyc
[0.934s] running install_data
[0.935s] copying materials/pedestrian_crossing_sign.png -> /home/evrey/ros2_ws/my_sos/install/my_sos/share/my_sos/materials
[0.935s] copying materials/traffic_intersection.png -> /home/evrey/ros2_ws/my_sos/install/my_sos/share/my_sos/materials
[0.935s] copying materials/traffic_parking.png -> /home/evrey/ros2_ws/my_sos/install/my_sos/share/my_sos/materials
[0.935s] copying materials/tunnel.png -> /home/evrey/ros2_ws/my_sos/install/my_sos/share/my_sos/materials
[0.935s] copying materials/traffic_construction.png -> /home/evrey/ros2_ws/my_sos/install/my_sos/share/my_sos/materials
[0.935s] running install_egg_info
[0.938s] removing '/home/evrey/ros2_ws/my_sos/install/my_sos/lib/python3.10/site-packages/my_sos-0.0.0-py3.10.egg-info' (and everything under it)
[0.938s] Copying build/my_sos/my_sos.egg-info to /home/evrey/ros2_ws/my_sos/install/my_sos/lib/python3.10/site-packages/my_sos-0.0.0-py3.10.egg-info
[0.939s] running install_scripts
[0.962s] Installing cv2_vis script to /home/evrey/ros2_ws/my_sos/install/my_sos/lib/my_sos
[0.963s] writing list of installed files to '/home/evrey/ros2_ws/my_sos/build/my_sos/install.log'
[0.989s] Invoked command in '/home/evrey/ros2_ws/my_sos' returned '0': PYTHONPATH=/home/evrey/ros2_ws/my_sos/build/my_sos/prefix_override:/usr/lib/python3/dist-packages/colcon_core/task/python/colcon_distutils_commands:/home/evrey/ros2_ws/my_sos/install/my_sos/lib/python3.10/site-packages:${PYTHONPATH} /usr/bin/python3 -W ignore:setup.py install is deprecated setup.py egg_info --egg-base build/my_sos build --build-base /home/evrey/ros2_ws/my_sos/build/my_sos/build install --record /home/evrey/ros2_ws/my_sos/build/my_sos/install.log --single-version-externally-managed install_data
