/home/evrey/ros2_ws/my_sos/install/my_sos/lib/python3.10/site-packages/my_sos/__init__.py
/home/evrey/ros2_ws/my_sos/install/my_sos/lib/python3.10/site-packages/my_sos/velor.py
/home/evrey/ros2_ws/my_sos/install/my_sos/lib/python3.10/site-packages/my_sos/sos.py
/home/evrey/ros2_ws/my_sos/install/my_sos/lib/python3.10/site-packages/my_sos/camera.py
/home/evrey/ros2_ws/my_sos/install/my_sos/lib/python3.10/site-packages/my_sos/__pycache__/__init__.cpython-310.pyc
/home/evrey/ros2_ws/my_sos/install/my_sos/lib/python3.10/site-packages/my_sos/__pycache__/velor.cpython-310.pyc
/home/evrey/ros2_ws/my_sos/install/my_sos/lib/python3.10/site-packages/my_sos/__pycache__/sos.cpython-310.pyc
/home/evrey/ros2_ws/my_sos/install/my_sos/lib/python3.10/site-packages/my_sos/__pycache__/camera.cpython-310.pyc
/home/evrey/ros2_ws/my_sos/install/my_sos/share/ament_index/resource_index/packages/my_sos
/home/evrey/ros2_ws/my_sos/install/my_sos/share/my_sos/package.xml
/home/evrey/ros2_ws/my_sos/install/my_sos/share/my_sos/materials/pedestrian_crossing_sign.png
/home/evrey/ros2_ws/my_sos/install/my_sos/share/my_sos/materials/traffic_right.png
/home/evrey/ros2_ws/my_sos/install/my_sos/share/my_sos/materials/traffic_intersection.png
/home/evrey/ros2_ws/my_sos/install/my_sos/share/my_sos/materials/traffic_parking.png
/home/evrey/ros2_ws/my_sos/install/my_sos/share/my_sos/materials/tunnel.png
/home/evrey/ros2_ws/my_sos/install/my_sos/share/my_sos/materials/traffic_left.png
/home/evrey/ros2_ws/my_sos/install/my_sos/share/my_sos/materials/traffic_construction.png
/home/evrey/ros2_ws/my_sos/install/my_sos/share/my_sos/launch/move.launch.py
/home/evrey/ros2_ws/my_sos/install/my_sos/lib/python3.10/site-packages/my_sos-0.0.0-py3.10.egg-info/entry_points.txt
/home/evrey/ros2_ws/my_sos/install/my_sos/lib/python3.10/site-packages/my_sos-0.0.0-py3.10.egg-info/SOURCES.txt
/home/evrey/ros2_ws/my_sos/install/my_sos/lib/python3.10/site-packages/my_sos-0.0.0-py3.10.egg-info/top_level.txt
/home/evrey/ros2_ws/my_sos/install/my_sos/lib/python3.10/site-packages/my_sos-0.0.0-py3.10.egg-info/zip-safe
/home/evrey/ros2_ws/my_sos/install/my_sos/lib/python3.10/site-packages/my_sos-0.0.0-py3.10.egg-info/dependency_links.txt
/home/evrey/ros2_ws/my_sos/install/my_sos/lib/python3.10/site-packages/my_sos-0.0.0-py3.10.egg-info/requires.txt
/home/evrey/ros2_ws/my_sos/install/my_sos/lib/python3.10/site-packages/my_sos-0.0.0-py3.10.egg-info/PKG-INFO
/home/evrey/ros2_ws/my_sos/install/my_sos/lib/my_sos/cv2_vis
/home/evrey/ros2_ws/my_sos/install/my_sos/lib/my_sos/sos_vis
/home/evrey/ros2_ws/my_sos/install/my_sos/lib/my_sos/velor
