[1.894s] Invoking command in '/home/maxim/git_reps/Robotech/autorace_core_SkufLords': PYTHONPATH=/home/maxim/git_reps/Robotech/autorace_core_SkufLords/build/autorace_core_SkufLords/prefix_override:/usr/lib/python3/dist-packages/colcon_core/task/python/colcon_distutils_commands:/home/maxim/git_reps/Robotech/autorace_core_SkufLords/install/autorace_core_SkufLords/lib/python3.10/site-packages:${PYTHONPATH} /usr/bin/python3 -W ignore:setup.py install is deprecated setup.py egg_info --egg-base build/autorace_core_SkufLords build --build-base /home/maxim/git_reps/Robotech/autorace_core_SkufLords/build/autorace_core_SkufLords/build install --record /home/maxim/git_reps/Robotech/autorace_core_SkufLords/build/autorace_core_SkufLords/install.log --single-version-externally-managed install_data
[2.534s] running egg_info
[2.535s] writing build/autorace_core_SkufLords/autorace_core_SkufLords.egg-info/PKG-INFO
[2.535s] writing dependency_links to build/autorace_core_SkufLords/autorace_core_SkufLords.egg-info/dependency_links.txt
[2.535s] writing entry points to build/autorace_core_SkufLords/autorace_core_SkufLords.egg-info/entry_points.txt
[2.535s] writing requirements to build/autorace_core_SkufLords/autorace_core_SkufLords.egg-info/requires.txt
[2.535s] writing top-level names to build/autorace_core_SkufLords/autorace_core_SkufLords.egg-info/top_level.txt
[2.538s] reading manifest file 'build/autorace_core_SkufLords/autorace_core_SkufLords.egg-info/SOURCES.txt'
[2.539s] writing manifest file 'build/autorace_core_SkufLords/autorace_core_SkufLords.egg-info/SOURCES.txt'
[2.539s] running build
[2.539s] running build_py
[2.540s] copying autorace_core_SkufLords/detect.py -> /home/maxim/git_reps/Robotech/autorace_core_SkufLords/build/autorace_core_SkufLords/build/lib/autorace_core_SkufLords
[2.540s] running install
[2.540s] running install_lib
[2.542s] copying /home/maxim/git_reps/Robotech/autorace_core_SkufLords/build/autorace_core_SkufLords/build/lib/autorace_core_SkufLords/detect.py -> /home/maxim/git_reps/Robotech/autorace_core_SkufLords/install/autorace_core_SkufLords/lib/python3.10/site-packages/autorace_core_SkufLords
[2.545s] byte-compiling /home/maxim/git_reps/Robotech/autorace_core_SkufLords/install/autorace_core_SkufLords/lib/python3.10/site-packages/autorace_core_SkufLords/detect.py to detect.cpython-310.pyc
[2.549s] running install_data
[2.549s] copying launch/autorace_core.launch.py -> /home/maxim/git_reps/Robotech/autorace_core_SkufLords/install/autorace_core_SkufLords/share/autorace_core_SkufLords/launch
[2.550s] running install_egg_info
[2.554s] removing '/home/maxim/git_reps/Robotech/autorace_core_SkufLords/install/autorace_core_SkufLords/lib/python3.10/site-packages/autorace_core_SkufLords-0.0.0-py3.10.egg-info' (and everything under it)
[2.554s] Copying build/autorace_core_SkufLords/autorace_core_SkufLords.egg-info to /home/maxim/git_reps/Robotech/autorace_core_SkufLords/install/autorace_core_SkufLords/lib/python3.10/site-packages/autorace_core_SkufLords-0.0.0-py3.10.egg-info
[2.555s] running install_scripts
[2.600s] Installing cv2_vis script to /home/maxim/git_reps/Robotech/autorace_core_SkufLords/install/autorace_core_SkufLords/lib/autorace_core_SkufLords
[2.600s] Installing detect script to /home/maxim/git_reps/Robotech/autorace_core_SkufLords/install/autorace_core_SkufLords/lib/autorace_core_SkufLords
[2.600s] Installing lidar_greedy script to /home/maxim/git_reps/Robotech/autorace_core_SkufLords/install/autorace_core_SkufLords/lib/autorace_core_SkufLords
[2.601s] Installing road_analyze script to /home/maxim/git_reps/Robotech/autorace_core_SkufLords/install/autorace_core_SkufLords/lib/autorace_core_SkufLords
[2.601s] Installing velor script to /home/maxim/git_reps/Robotech/autorace_core_SkufLords/install/autorace_core_SkufLords/lib/autorace_core_SkufLords
[2.601s] writing list of installed files to '/home/maxim/git_reps/Robotech/autorace_core_SkufLords/build/autorace_core_SkufLords/install.log'
[2.645s] Invoked command in '/home/maxim/git_reps/Robotech/autorace_core_SkufLords' returned '0': PYTHONPATH=/home/maxim/git_reps/Robotech/autorace_core_SkufLords/build/autorace_core_SkufLords/prefix_override:/usr/lib/python3/dist-packages/colcon_core/task/python/colcon_distutils_commands:/home/maxim/git_reps/Robotech/autorace_core_SkufLords/install/autorace_core_SkufLords/lib/python3.10/site-packages:${PYTHONPATH} /usr/bin/python3 -W ignore:setup.py install is deprecated setup.py egg_info --egg-base build/autorace_core_SkufLords build --build-base /home/maxim/git_reps/Robotech/autorace_core_SkufLords/build/autorace_core_SkufLords/build install --record /home/maxim/git_reps/Robotech/autorace_core_SkufLords/build/autorace_core_SkufLords/install.log --single-version-externally-managed install_data
