[0.560s] Invoking command in '/home/evrey/ros2_ws/autorace_core_SkufLords': PYTHONPATH=/home/evrey/ros2_ws/autorace_core_SkufLords/build/autorace_core_SkufLords/prefix_override:/usr/lib/python3/dist-packages/colcon_core/task/python/colcon_distutils_commands:/home/evrey/ros2_ws/autorace_core_SkufLords/install/autorace_core_SkufLords/lib/python3.10/site-packages:${PYTHONPATH} /usr/bin/python3 -W ignore:setup.py install is deprecated setup.py egg_info --egg-base build/autorace_core_SkufLords build --build-base /home/evrey/ros2_ws/autorace_core_SkufLords/build/autorace_core_SkufLords/build install --record /home/evrey/ros2_ws/autorace_core_SkufLords/build/autorace_core_SkufLords/install.log --single-version-externally-managed install_data
[0.789s] running egg_info
[0.789s] creating build/autorace_core_SkufLords/autorace_core_SkufLords.egg-info
[0.790s] writing build/autorace_core_SkufLords/autorace_core_SkufLords.egg-info/PKG-INFO
[0.790s] writing dependency_links to build/autorace_core_SkufLords/autorace_core_SkufLords.egg-info/dependency_links.txt
[0.790s] writing entry points to build/autorace_core_SkufLords/autorace_core_SkufLords.egg-info/entry_points.txt
[0.790s] writing requirements to build/autorace_core_SkufLords/autorace_core_SkufLords.egg-info/requires.txt
[0.790s] writing top-level names to build/autorace_core_SkufLords/autorace_core_SkufLords.egg-info/top_level.txt
[0.790s] writing manifest file 'build/autorace_core_SkufLords/autorace_core_SkufLords.egg-info/SOURCES.txt'
[0.792s] reading manifest file 'build/autorace_core_SkufLords/autorace_core_SkufLords.egg-info/SOURCES.txt'
[0.792s] writing manifest file 'build/autorace_core_SkufLords/autorace_core_SkufLords.egg-info/SOURCES.txt'
[0.792s] running build
[0.792s] running build_py
[0.793s] creating /home/evrey/ros2_ws/autorace_core_SkufLords/build/autorace_core_SkufLords/build
[0.793s] creating /home/evrey/ros2_ws/autorace_core_SkufLords/build/autorace_core_SkufLords/build/lib
[0.793s] creating /home/evrey/ros2_ws/autorace_core_SkufLords/build/autorace_core_SkufLords/build/lib/autorace_core_SkufLords
[0.793s] copying autorace_core_SkufLords/detect.py -> /home/evrey/ros2_ws/autorace_core_SkufLords/build/autorace_core_SkufLords/build/lib/autorace_core_SkufLords
[0.793s] copying autorace_core_SkufLords/__init__.py -> /home/evrey/ros2_ws/autorace_core_SkufLords/build/autorace_core_SkufLords/build/lib/autorace_core_SkufLords
[0.793s] copying autorace_core_SkufLords/velor.py -> /home/evrey/ros2_ws/autorace_core_SkufLords/build/autorace_core_SkufLords/build/lib/autorace_core_SkufLords
[0.793s] copying autorace_core_SkufLords/camera.py -> /home/evrey/ros2_ws/autorace_core_SkufLords/build/autorace_core_SkufLords/build/lib/autorace_core_SkufLords
[0.793s] copying autorace_core_SkufLords/road_analyze.py -> /home/evrey/ros2_ws/autorace_core_SkufLords/build/autorace_core_SkufLords/build/lib/autorace_core_SkufLords
[0.793s] running install
[0.794s] running install_lib
[0.794s] creating /home/evrey/ros2_ws/autorace_core_SkufLords/install/autorace_core_SkufLords/lib/python3.10/site-packages/autorace_core_SkufLords
[0.794s] copying /home/evrey/ros2_ws/autorace_core_SkufLords/build/autorace_core_SkufLords/build/lib/autorace_core_SkufLords/detect.py -> /home/evrey/ros2_ws/autorace_core_SkufLords/install/autorace_core_SkufLords/lib/python3.10/site-packages/autorace_core_SkufLords
[0.794s] copying /home/evrey/ros2_ws/autorace_core_SkufLords/build/autorace_core_SkufLords/build/lib/autorace_core_SkufLords/__init__.py -> /home/evrey/ros2_ws/autorace_core_SkufLords/install/autorace_core_SkufLords/lib/python3.10/site-packages/autorace_core_SkufLords
[0.794s] copying /home/evrey/ros2_ws/autorace_core_SkufLords/build/autorace_core_SkufLords/build/lib/autorace_core_SkufLords/velor.py -> /home/evrey/ros2_ws/autorace_core_SkufLords/install/autorace_core_SkufLords/lib/python3.10/site-packages/autorace_core_SkufLords
[0.795s] copying /home/evrey/ros2_ws/autorace_core_SkufLords/build/autorace_core_SkufLords/build/lib/autorace_core_SkufLords/camera.py -> /home/evrey/ros2_ws/autorace_core_SkufLords/install/autorace_core_SkufLords/lib/python3.10/site-packages/autorace_core_SkufLords
[0.795s] copying /home/evrey/ros2_ws/autorace_core_SkufLords/build/autorace_core_SkufLords/build/lib/autorace_core_SkufLords/road_analyze.py -> /home/evrey/ros2_ws/autorace_core_SkufLords/install/autorace_core_SkufLords/lib/python3.10/site-packages/autorace_core_SkufLords
[0.795s] byte-compiling /home/evrey/ros2_ws/autorace_core_SkufLords/install/autorace_core_SkufLords/lib/python3.10/site-packages/autorace_core_SkufLords/detect.py to detect.cpython-310.pyc
[0.799s] byte-compiling /home/evrey/ros2_ws/autorace_core_SkufLords/install/autorace_core_SkufLords/lib/python3.10/site-packages/autorace_core_SkufLords/__init__.py to __init__.cpython-310.pyc
[0.799s] byte-compiling /home/evrey/ros2_ws/autorace_core_SkufLords/install/autorace_core_SkufLords/lib/python3.10/site-packages/autorace_core_SkufLords/velor.py to velor.cpython-310.pyc
[0.799s] byte-compiling /home/evrey/ros2_ws/autorace_core_SkufLords/install/autorace_core_SkufLords/lib/python3.10/site-packages/autorace_core_SkufLords/camera.py to camera.cpython-310.pyc
[0.800s] byte-compiling /home/evrey/ros2_ws/autorace_core_SkufLords/install/autorace_core_SkufLords/lib/python3.10/site-packages/autorace_core_SkufLords/road_analyze.py to road_analyze.cpython-310.pyc
[0.802s] running install_data
[0.802s] creating /home/evrey/ros2_ws/autorace_core_SkufLords/install/autorace_core_SkufLords/share/ament_index
[0.802s] creating /home/evrey/ros2_ws/autorace_core_SkufLords/install/autorace_core_SkufLords/share/ament_index/resource_index
[0.802s] creating /home/evrey/ros2_ws/autorace_core_SkufLords/install/autorace_core_SkufLords/share/ament_index/resource_index/packages
[0.802s] copying resource/autorace_core_SkufLords -> /home/evrey/ros2_ws/autorace_core_SkufLords/install/autorace_core_SkufLords/share/ament_index/resource_index/packages
[0.802s] copying package.xml -> /home/evrey/ros2_ws/autorace_core_SkufLords/install/autorace_core_SkufLords/share/autorace_core_SkufLords
[0.802s] creating /home/evrey/ros2_ws/autorace_core_SkufLords/install/autorace_core_SkufLords/share/autorace_core_SkufLords/materials
[0.802s] copying materials/pedestrian_crossing_sign.png -> /home/evrey/ros2_ws/autorace_core_SkufLords/install/autorace_core_SkufLords/share/autorace_core_SkufLords/materials
[0.802s] copying materials/traffic_right.png -> /home/evrey/ros2_ws/autorace_core_SkufLords/install/autorace_core_SkufLords/share/autorace_core_SkufLords/materials
[0.802s] copying materials/traffic_intersection.png -> /home/evrey/ros2_ws/autorace_core_SkufLords/install/autorace_core_SkufLords/share/autorace_core_SkufLords/materials
[0.803s] copying materials/traffic_parking.png -> /home/evrey/ros2_ws/autorace_core_SkufLords/install/autorace_core_SkufLords/share/autorace_core_SkufLords/materials
[0.803s] copying materials/tunnel.png -> /home/evrey/ros2_ws/autorace_core_SkufLords/install/autorace_core_SkufLords/share/autorace_core_SkufLords/materials
[0.803s] copying materials/traffic_left.png -> /home/evrey/ros2_ws/autorace_core_SkufLords/install/autorace_core_SkufLords/share/autorace_core_SkufLords/materials
[0.803s] copying materials/traffic_construction.png -> /home/evrey/ros2_ws/autorace_core_SkufLords/install/autorace_core_SkufLords/share/autorace_core_SkufLords/materials
[0.803s] creating /home/evrey/ros2_ws/autorace_core_SkufLords/install/autorace_core_SkufLords/share/autorace_core_SkufLords/launch
[0.803s] copying launch/autorace_core.launch.py -> /home/evrey/ros2_ws/autorace_core_SkufLords/install/autorace_core_SkufLords/share/autorace_core_SkufLords/launch
[0.803s] creating /home/evrey/ros2_ws/autorace_core_SkufLords/install/autorace_core_SkufLords/share/autorace_core_SkufLords/util
[0.803s] copying util/best.pt -> /home/evrey/ros2_ws/autorace_core_SkufLords/install/autorace_core_SkufLords/share/autorace_core_SkufLords/util
[0.807s] running install_egg_info
[0.809s] Copying build/autorace_core_SkufLords/autorace_core_SkufLords.egg-info to /home/evrey/ros2_ws/autorace_core_SkufLords/install/autorace_core_SkufLords/lib/python3.10/site-packages/autorace_core_SkufLords-0.0.0-py3.10.egg-info
[0.810s] running install_scripts
[0.828s] Installing cv2_vis script to /home/evrey/ros2_ws/autorace_core_SkufLords/install/autorace_core_SkufLords/lib/autorace_core_SkufLords
[0.828s] Installing detect script to /home/evrey/ros2_ws/autorace_core_SkufLords/install/autorace_core_SkufLords/lib/autorace_core_SkufLords
[0.828s] Installing lidar_greedy script to /home/evrey/ros2_ws/autorace_core_SkufLords/install/autorace_core_SkufLords/lib/autorace_core_SkufLords
[0.828s] Installing road script to /home/evrey/ros2_ws/autorace_core_SkufLords/install/autorace_core_SkufLords/lib/autorace_core_SkufLords
[0.828s] Installing velor script to /home/evrey/ros2_ws/autorace_core_SkufLords/install/autorace_core_SkufLords/lib/autorace_core_SkufLords
[0.829s] writing list of installed files to '/home/evrey/ros2_ws/autorace_core_SkufLords/build/autorace_core_SkufLords/install.log'
[0.849s] Invoked command in '/home/evrey/ros2_ws/autorace_core_SkufLords' returned '0': PYTHONPATH=/home/evrey/ros2_ws/autorace_core_SkufLords/build/autorace_core_SkufLords/prefix_override:/usr/lib/python3/dist-packages/colcon_core/task/python/colcon_distutils_commands:/home/evrey/ros2_ws/autorace_core_SkufLords/install/autorace_core_SkufLords/lib/python3.10/site-packages:${PYTHONPATH} /usr/bin/python3 -W ignore:setup.py install is deprecated setup.py egg_info --egg-base build/autorace_core_SkufLords build --build-base /home/evrey/ros2_ws/autorace_core_SkufLords/build/autorace_core_SkufLords/build install --record /home/evrey/ros2_ws/autorace_core_SkufLords/build/autorace_core_SkufLords/install.log --single-version-externally-managed install_data
