running egg_info
creating build/my_sos/my_sos.egg-info
writing build/my_sos/my_sos.egg-info/PKG-INFO
writing dependency_links to build/my_sos/my_sos.egg-info/dependency_links.txt
writing entry points to build/my_sos/my_sos.egg-info/entry_points.txt
writing requirements to build/my_sos/my_sos.egg-info/requires.txt
writing top-level names to build/my_sos/my_sos.egg-info/top_level.txt
writing manifest file 'build/my_sos/my_sos.egg-info/SOURCES.txt'
reading manifest file 'build/my_sos/my_sos.egg-info/SOURCES.txt'
writing manifest file 'build/my_sos/my_sos.egg-info/SOURCES.txt'
running build
running build_py
creating /home/evrey/ros2_ws/my_sos/build/my_sos/build
creating /home/evrey/ros2_ws/my_sos/build/my_sos/build/lib
creating /home/evrey/ros2_ws/my_sos/build/my_sos/build/lib/my_sos
copying my_sos/__init__.py -> /home/evrey/ros2_ws/my_sos/build/my_sos/build/lib/my_sos
copying my_sos/camera.py -> /home/evrey/ros2_ws/my_sos/build/my_sos/build/lib/my_sos
running install
running install_lib
creating /home/evrey/ros2_ws/my_sos/install/my_sos/lib/python3.10/site-packages/my_sos
copying /home/evrey/ros2_ws/my_sos/build/my_sos/build/lib/my_sos/__init__.py -> /home/evrey/ros2_ws/my_sos/install/my_sos/lib/python3.10/site-packages/my_sos
copying /home/evrey/ros2_ws/my_sos/build/my_sos/build/lib/my_sos/camera.py -> /home/evrey/ros2_ws/my_sos/install/my_sos/lib/python3.10/site-packages/my_sos
byte-compiling /home/evrey/ros2_ws/my_sos/install/my_sos/lib/python3.10/site-packages/my_sos/__init__.py to __init__.cpython-310.pyc
byte-compiling /home/evrey/ros2_ws/my_sos/install/my_sos/lib/python3.10/site-packages/my_sos/camera.py to camera.cpython-310.pyc
running install_data
creating /home/evrey/ros2_ws/my_sos/install/my_sos/share/ament_index
creating /home/evrey/ros2_ws/my_sos/install/my_sos/share/ament_index/resource_index
creating /home/evrey/ros2_ws/my_sos/install/my_sos/share/ament_index/resource_index/packages
copying resource/my_sos -> /home/evrey/ros2_ws/my_sos/install/my_sos/share/ament_index/resource_index/packages
copying package.xml -> /home/evrey/ros2_ws/my_sos/install/my_sos/share/my_sos
running install_egg_info
Copying build/my_sos/my_sos.egg-info to /home/evrey/ros2_ws/my_sos/install/my_sos/lib/python3.10/site-packages/my_sos-0.0.0-py3.10.egg-info
running install_scripts
Installing cv2_vis script to /home/evrey/ros2_ws/my_sos/install/my_sos/lib/my_sos
writing list of installed files to '/home/evrey/ros2_ws/my_sos/build/my_sos/install.log'
