[0.673s] Invoking command in '/home/evrey/ros2_ws/my_sos': PYTHONPATH=/home/evrey/ros2_ws/my_sos/build/my_sos/prefix_override:/usr/lib/python3/dist-packages/colcon_core/task/python/colcon_distutils_commands:/home/evrey/ros2_ws/my_sos/install/my_sos/lib/python3.10/site-packages:${PYTHONPATH} /usr/bin/python3 -W ignore:setup.py install is deprecated setup.py egg_info --egg-base build/my_sos build --build-base /home/evrey/ros2_ws/my_sos/build/my_sos/build install --record /home/evrey/ros2_ws/my_sos/build/my_sos/install.log --single-version-externally-managed install_data
[0.932s] running egg_info
[0.933s] creating build/my_sos/my_sos.egg-info
[0.933s] writing build/my_sos/my_sos.egg-info/PKG-INFO
[0.933s] writing dependency_links to build/my_sos/my_sos.egg-info/dependency_links.txt
[0.933s] writing entry points to build/my_sos/my_sos.egg-info/entry_points.txt
[0.934s] writing requirements to build/my_sos/my_sos.egg-info/requires.txt
[0.934s] writing top-level names to build/my_sos/my_sos.egg-info/top_level.txt
[0.934s] writing manifest file 'build/my_sos/my_sos.egg-info/SOURCES.txt'
[0.936s] reading manifest file 'build/my_sos/my_sos.egg-info/SOURCES.txt'
[0.937s] writing manifest file 'build/my_sos/my_sos.egg-info/SOURCES.txt'
[0.937s] running build
[0.937s] running build_py
[0.938s] creating /home/evrey/ros2_ws/my_sos/build/my_sos/build
[0.938s] creating /home/evrey/ros2_ws/my_sos/build/my_sos/build/lib
[0.938s] creating /home/evrey/ros2_ws/my_sos/build/my_sos/build/lib/my_sos
[0.938s] copying my_sos/__init__.py -> /home/evrey/ros2_ws/my_sos/build/my_sos/build/lib/my_sos
[0.938s] copying my_sos/camera.py -> /home/evrey/ros2_ws/my_sos/build/my_sos/build/lib/my_sos
[0.938s] running install
[0.939s] running install_lib
[0.940s] creating /home/evrey/ros2_ws/my_sos/install/my_sos/lib/python3.10/site-packages/my_sos
[0.940s] copying /home/evrey/ros2_ws/my_sos/build/my_sos/build/lib/my_sos/__init__.py -> /home/evrey/ros2_ws/my_sos/install/my_sos/lib/python3.10/site-packages/my_sos
[0.940s] copying /home/evrey/ros2_ws/my_sos/build/my_sos/build/lib/my_sos/camera.py -> /home/evrey/ros2_ws/my_sos/install/my_sos/lib/python3.10/site-packages/my_sos
[0.941s] byte-compiling /home/evrey/ros2_ws/my_sos/install/my_sos/lib/python3.10/site-packages/my_sos/__init__.py to __init__.cpython-310.pyc
[0.941s] byte-compiling /home/evrey/ros2_ws/my_sos/install/my_sos/lib/python3.10/site-packages/my_sos/camera.py to camera.cpython-310.pyc
[0.941s] running install_data
[0.941s] creating /home/evrey/ros2_ws/my_sos/install/my_sos/share/ament_index
[0.941s] creating /home/evrey/ros2_ws/my_sos/install/my_sos/share/ament_index/resource_index
[0.941s] creating /home/evrey/ros2_ws/my_sos/install/my_sos/share/ament_index/resource_index/packages
[0.941s] copying resource/my_sos -> /home/evrey/ros2_ws/my_sos/install/my_sos/share/ament_index/resource_index/packages
[0.941s] copying package.xml -> /home/evrey/ros2_ws/my_sos/install/my_sos/share/my_sos
[0.942s] running install_egg_info
[0.944s] Copying build/my_sos/my_sos.egg-info to /home/evrey/ros2_ws/my_sos/install/my_sos/lib/python3.10/site-packages/my_sos-0.0.0-py3.10.egg-info
[0.944s] running install_scripts
[0.965s] Installing cv2_vis script to /home/evrey/ros2_ws/my_sos/install/my_sos/lib/my_sos
[0.966s] writing list of installed files to '/home/evrey/ros2_ws/my_sos/build/my_sos/install.log'
[0.992s] Invoked command in '/home/evrey/ros2_ws/my_sos' returned '0': PYTHONPATH=/home/evrey/ros2_ws/my_sos/build/my_sos/prefix_override:/usr/lib/python3/dist-packages/colcon_core/task/python/colcon_distutils_commands:/home/evrey/ros2_ws/my_sos/install/my_sos/lib/python3.10/site-packages:${PYTHONPATH} /usr/bin/python3 -W ignore:setup.py install is deprecated setup.py egg_info --egg-base build/my_sos build --build-base /home/evrey/ros2_ws/my_sos/build/my_sos/build install --record /home/evrey/ros2_ws/my_sos/build/my_sos/install.log --single-version-externally-managed install_data
