[2.309s] Invoking command in '/home/maxim/git_reps/Robotech/autorace_core_SkufLords': PYTHONPATH=/home/maxim/git_reps/Robotech/autorace_core_SkufLords/build/autorace_core_SkufLords/prefix_override:/usr/lib/python3/dist-packages/colcon_core/task/python/colcon_distutils_commands:/home/maxim/git_reps/Robotech/autorace_core_SkufLords/install/autorace_core_SkufLords/lib/python3.10/site-packages:${PYTHONPATH} /usr/bin/python3 -W ignore:setup.py install is deprecated setup.py egg_info --egg-base build/autorace_core_SkufLords build --build-base /home/maxim/git_reps/Robotech/autorace_core_SkufLords/build/autorace_core_SkufLords/build install --record /home/maxim/git_reps/Robotech/autorace_core_SkufLords/build/autorace_core_SkufLords/install.log --single-version-externally-managed install_data
[2.927s] running egg_info
[2.927s] writing build/autorace_core_SkufLords/autorace_core_SkufLords.egg-info/PKG-INFO
[2.928s] writing dependency_links to build/autorace_core_SkufLords/autorace_core_SkufLords.egg-info/dependency_links.txt
[2.928s] writing entry points to build/autorace_core_SkufLords/autorace_core_SkufLords.egg-info/entry_points.txt
[2.928s] writing requirements to build/autorace_core_SkufLords/autorace_core_SkufLords.egg-info/requires.txt
[2.928s] writing top-level names to build/autorace_core_SkufLords/autorace_core_SkufLords.egg-info/top_level.txt
[2.931s] reading manifest file 'build/autorace_core_SkufLords/autorace_core_SkufLords.egg-info/SOURCES.txt'
[2.931s] writing manifest file 'build/autorace_core_SkufLords/autorace_core_SkufLords.egg-info/SOURCES.txt'
[2.931s] running build
[2.931s] running build_py
[2.932s] running install
[2.932s] running install_lib
[2.936s] running install_data
[2.936s] copying launch/autorace_core.launch.py -> /home/maxim/git_reps/Robotech/autorace_core_SkufLords/install/autorace_core_SkufLords/share/autorace_core_SkufLords/launch
[2.937s] running install_egg_info
[2.942s] removing '/home/maxim/git_reps/Robotech/autorace_core_SkufLords/install/autorace_core_SkufLords/lib/python3.10/site-packages/autorace_core_SkufLords-0.0.0-py3.10.egg-info' (and everything under it)
[2.942s] Copying build/autorace_core_SkufLords/autorace_core_SkufLords.egg-info to /home/maxim/git_reps/Robotech/autorace_core_SkufLords/install/autorace_core_SkufLords/lib/python3.10/site-packages/autorace_core_SkufLords-0.0.0-py3.10.egg-info
[2.943s] running install_scripts
[2.984s] Installing cv2_vis script to /home/maxim/git_reps/Robotech/autorace_core_SkufLords/install/autorace_core_SkufLords/lib/autorace_core_SkufLords
[2.984s] Installing detect script to /home/maxim/git_reps/Robotech/autorace_core_SkufLords/install/autorace_core_SkufLords/lib/autorace_core_SkufLords
[2.985s] Installing lidar_greedy script to /home/maxim/git_reps/Robotech/autorace_core_SkufLords/install/autorace_core_SkufLords/lib/autorace_core_SkufLords
[2.985s] Installing road_analyze script to /home/maxim/git_reps/Robotech/autorace_core_SkufLords/install/autorace_core_SkufLords/lib/autorace_core_SkufLords
[2.985s] Installing velor script to /home/maxim/git_reps/Robotech/autorace_core_SkufLords/install/autorace_core_SkufLords/lib/autorace_core_SkufLords
[2.985s] writing list of installed files to '/home/maxim/git_reps/Robotech/autorace_core_SkufLords/build/autorace_core_SkufLords/install.log'
[3.024s] Invoked command in '/home/maxim/git_reps/Robotech/autorace_core_SkufLords' returned '0': PYTHONPATH=/home/maxim/git_reps/Robotech/autorace_core_SkufLords/build/autorace_core_SkufLords/prefix_override:/usr/lib/python3/dist-packages/colcon_core/task/python/colcon_distutils_commands:/home/maxim/git_reps/Robotech/autorace_core_SkufLords/install/autorace_core_SkufLords/lib/python3.10/site-packages:${PYTHONPATH} /usr/bin/python3 -W ignore:setup.py install is deprecated setup.py egg_info --egg-base build/autorace_core_SkufLords build --build-base /home/maxim/git_reps/Robotech/autorace_core_SkufLords/build/autorace_core_SkufLords/build install --record /home/maxim/git_reps/Robotech/autorace_core_SkufLords/build/autorace_core_SkufLords/install.log --single-version-externally-managed install_data
