[2.257s] Invoking command in '/home/evrey/ros2_ws/my_sos': PYTHONPATH=/home/evrey/ros2_ws/my_sos/build/my_sos/prefix_override:/usr/lib/python3/dist-packages/colcon_core/task/python/colcon_distutils_commands:/home/evrey/ros2_ws/my_sos/install/my_sos/lib/python3.10/site-packages:${PYTHONPATH} /usr/bin/python3 -W ignore:setup.py install is deprecated setup.py egg_info --egg-base build/my_sos build --build-base /home/evrey/ros2_ws/my_sos/build/my_sos/build install --record /home/evrey/ros2_ws/my_sos/build/my_sos/install.log --single-version-externally-managed install_data
[3.075s] running egg_info
[3.078s] writing build/my_sos/my_sos.egg-info/PKG-INFO
[3.078s] writing dependency_links to build/my_sos/my_sos.egg-info/dependency_links.txt
[3.079s] writing entry points to build/my_sos/my_sos.egg-info/entry_points.txt
[3.080s] writing requirements to build/my_sos/my_sos.egg-info/requires.txt
[3.081s] writing top-level names to build/my_sos/my_sos.egg-info/top_level.txt
[3.093s] reading manifest file 'build/my_sos/my_sos.egg-info/SOURCES.txt'
[3.097s] writing manifest file 'build/my_sos/my_sos.egg-info/SOURCES.txt'
[3.099s] running build
[3.099s] running build_py
[3.099s] copying my_sos/sos.py -> /home/evrey/ros2_ws/my_sos/build/my_sos/build/lib/my_sos
[3.100s] running install
[3.100s] running install_lib
[3.103s] copying /home/evrey/ros2_ws/my_sos/build/my_sos/build/lib/my_sos/sos.py -> /home/evrey/ros2_ws/my_sos/install/my_sos/lib/python3.10/site-packages/my_sos
[3.105s] byte-compiling /home/evrey/ros2_ws/my_sos/install/my_sos/lib/python3.10/site-packages/my_sos/sos.py to sos.cpython-310.pyc
[3.107s] running install_data
[3.108s] running install_egg_info
[3.114s] removing '/home/evrey/ros2_ws/my_sos/install/my_sos/lib/python3.10/site-packages/my_sos-0.0.0-py3.10.egg-info' (and everything under it)
[3.114s] Copying build/my_sos/my_sos.egg-info to /home/evrey/ros2_ws/my_sos/install/my_sos/lib/python3.10/site-packages/my_sos-0.0.0-py3.10.egg-info
[3.116s] running install_scripts
[3.174s] Installing cv2_vis script to /home/evrey/ros2_ws/my_sos/install/my_sos/lib/my_sos
[3.176s] Installing sos_vis script to /home/evrey/ros2_ws/my_sos/install/my_sos/lib/my_sos
[3.176s] writing list of installed files to '/home/evrey/ros2_ws/my_sos/build/my_sos/install.log'
[3.328s] Invoked command in '/home/evrey/ros2_ws/my_sos' returned '0': PYTHONPATH=/home/evrey/ros2_ws/my_sos/build/my_sos/prefix_override:/usr/lib/python3/dist-packages/colcon_core/task/python/colcon_distutils_commands:/home/evrey/ros2_ws/my_sos/install/my_sos/lib/python3.10/site-packages:${PYTHONPATH} /usr/bin/python3 -W ignore:setup.py install is deprecated setup.py egg_info --egg-base build/my_sos build --build-base /home/evrey/ros2_ws/my_sos/build/my_sos/build install --record /home/evrey/ros2_ws/my_sos/build/my_sos/install.log --single-version-externally-managed install_data
