[0.579s] Invoking command in '/home/evrey/ros2_ws/autorace_core_SkufLords': PYTHONPATH=/home/evrey/ros2_ws/autorace_core_SkufLords/build/autorace_core_SkufLords/prefix_override:/usr/lib/python3/dist-packages/colcon_core/task/python/colcon_distutils_commands:/home/evrey/ros2_ws/autorace_core_SkufLords/install/autorace_core_SkufLords/lib/python3.10/site-packages:${PYTHONPATH} /usr/bin/python3 -W ignore:setup.py install is deprecated setup.py egg_info --egg-base build/autorace_core_SkufLords build --build-base /home/evrey/ros2_ws/autorace_core_SkufLords/build/autorace_core_SkufLords/build install --record /home/evrey/ros2_ws/autorace_core_SkufLords/build/autorace_core_SkufLords/install.log --single-version-externally-managed install_data
[0.807s] running egg_info
[0.807s] writing build/autorace_core_SkufLords/autorace_core_SkufLords.egg-info/PKG-INFO
[0.807s] writing dependency_links to build/autorace_core_SkufLords/autorace_core_SkufLords.egg-info/dependency_links.txt
[0.807s] writing entry points to build/autorace_core_SkufLords/autorace_core_SkufLords.egg-info/entry_points.txt
[0.808s] writing requirements to build/autorace_core_SkufLords/autorace_core_SkufLords.egg-info/requires.txt
[0.808s] writing top-level names to build/autorace_core_SkufLords/autorace_core_SkufLords.egg-info/top_level.txt
[0.809s] reading manifest file 'build/autorace_core_SkufLords/autorace_core_SkufLords.egg-info/SOURCES.txt'
[0.810s] writing manifest file 'build/autorace_core_SkufLords/autorace_core_SkufLords.egg-info/SOURCES.txt'
[0.810s] running build
[0.810s] running build_py
[0.811s] running install
[0.811s] running install_lib
[0.812s] running install_data
[0.812s] running install_egg_info
[0.815s] removing '/home/evrey/ros2_ws/autorace_core_SkufLords/install/autorace_core_SkufLords/lib/python3.10/site-packages/autorace_core_SkufLords-0.0.0-py3.10.egg-info' (and everything under it)
[0.815s] Copying build/autorace_core_SkufLords/autorace_core_SkufLords.egg-info to /home/evrey/ros2_ws/autorace_core_SkufLords/install/autorace_core_SkufLords/lib/python3.10/site-packages/autorace_core_SkufLords-0.0.0-py3.10.egg-info
[0.816s] running install_scripts
[0.834s] Installing cv2_vis script to /home/evrey/ros2_ws/autorace_core_SkufLords/install/autorace_core_SkufLords/lib/autorace_core_SkufLords
[0.834s] Installing detect script to /home/evrey/ros2_ws/autorace_core_SkufLords/install/autorace_core_SkufLords/lib/autorace_core_SkufLords
[0.834s] Installing lidar_greedy script to /home/evrey/ros2_ws/autorace_core_SkufLords/install/autorace_core_SkufLords/lib/autorace_core_SkufLords
[0.834s] Installing road_analyze script to /home/evrey/ros2_ws/autorace_core_SkufLords/install/autorace_core_SkufLords/lib/autorace_core_SkufLords
[0.834s] Installing velor script to /home/evrey/ros2_ws/autorace_core_SkufLords/install/autorace_core_SkufLords/lib/autorace_core_SkufLords
[0.835s] writing list of installed files to '/home/evrey/ros2_ws/autorace_core_SkufLords/build/autorace_core_SkufLords/install.log'
[0.856s] Invoked command in '/home/evrey/ros2_ws/autorace_core_SkufLords' returned '0': PYTHONPATH=/home/evrey/ros2_ws/autorace_core_SkufLords/build/autorace_core_SkufLords/prefix_override:/usr/lib/python3/dist-packages/colcon_core/task/python/colcon_distutils_commands:/home/evrey/ros2_ws/autorace_core_SkufLords/install/autorace_core_SkufLords/lib/python3.10/site-packages:${PYTHONPATH} /usr/bin/python3 -W ignore:setup.py install is deprecated setup.py egg_info --egg-base build/autorace_core_SkufLords build --build-base /home/evrey/ros2_ws/autorace_core_SkufLords/build/autorace_core_SkufLords/build install --record /home/evrey/ros2_ws/autorace_core_SkufLords/build/autorace_core_SkufLords/install.log --single-version-externally-managed install_data
