[1.894s] Invoking command in '/home/evrey/ros2_ws/my_sos': PYTHONPATH=/home/evrey/ros2_ws/my_sos/build/my_sos/prefix_override:/usr/lib/python3/dist-packages/colcon_core/task/python/colcon_distutils_commands:/home/evrey/ros2_ws/my_sos/install/my_sos/lib/python3.10/site-packages:${PYTHONPATH} /usr/bin/python3 -W ignore:setup.py install is deprecated setup.py egg_info --egg-base build/my_sos build --build-base /home/evrey/ros2_ws/my_sos/build/my_sos/build install --record /home/evrey/ros2_ws/my_sos/build/my_sos/install.log --single-version-externally-managed install_data
[2.482s] running egg_info
[2.483s] writing build/my_sos/my_sos.egg-info/PKG-INFO
[2.483s] writing dependency_links to build/my_sos/my_sos.egg-info/dependency_links.txt
[2.483s] writing entry points to build/my_sos/my_sos.egg-info/entry_points.txt
[2.484s] writing requirements to build/my_sos/my_sos.egg-info/requires.txt
[2.484s] writing top-level names to build/my_sos/my_sos.egg-info/top_level.txt
[2.487s] reading manifest file 'build/my_sos/my_sos.egg-info/SOURCES.txt'
[2.489s] writing manifest file 'build/my_sos/my_sos.egg-info/SOURCES.txt'
[2.489s] running build
[2.489s] running build_py
[2.489s] copying my_sos/velor.py -> /home/evrey/ros2_ws/my_sos/build/my_sos/build/lib/my_sos
[2.490s] copying my_sos/sos.py -> /home/evrey/ros2_ws/my_sos/build/my_sos/build/lib/my_sos
[2.490s] running install
[2.491s] running install_lib
[2.491s] copying /home/evrey/ros2_ws/my_sos/build/my_sos/build/lib/my_sos/velor.py -> /home/evrey/ros2_ws/my_sos/install/my_sos/lib/python3.10/site-packages/my_sos
[2.492s] copying /home/evrey/ros2_ws/my_sos/build/my_sos/build/lib/my_sos/sos.py -> /home/evrey/ros2_ws/my_sos/install/my_sos/lib/python3.10/site-packages/my_sos
[2.492s] byte-compiling /home/evrey/ros2_ws/my_sos/install/my_sos/lib/python3.10/site-packages/my_sos/velor.py to velor.cpython-310.pyc
[2.493s] byte-compiling /home/evrey/ros2_ws/my_sos/install/my_sos/lib/python3.10/site-packages/my_sos/sos.py to sos.cpython-310.pyc
[2.494s] running install_data
[2.495s] running install_egg_info
[2.498s] removing '/home/evrey/ros2_ws/my_sos/install/my_sos/lib/python3.10/site-packages/my_sos-0.0.0-py3.10.egg-info' (and everything under it)
[2.499s] Copying build/my_sos/my_sos.egg-info to /home/evrey/ros2_ws/my_sos/install/my_sos/lib/python3.10/site-packages/my_sos-0.0.0-py3.10.egg-info
[2.502s] running install_scripts
[2.562s] Installing cv2_vis script to /home/evrey/ros2_ws/my_sos/install/my_sos/lib/my_sos
[2.563s] Installing sos_vis script to /home/evrey/ros2_ws/my_sos/install/my_sos/lib/my_sos
[2.565s] writing list of installed files to '/home/evrey/ros2_ws/my_sos/build/my_sos/install.log'
[2.695s] Invoked command in '/home/evrey/ros2_ws/my_sos' returned '0': PYTHONPATH=/home/evrey/ros2_ws/my_sos/build/my_sos/prefix_override:/usr/lib/python3/dist-packages/colcon_core/task/python/colcon_distutils_commands:/home/evrey/ros2_ws/my_sos/install/my_sos/lib/python3.10/site-packages:${PYTHONPATH} /usr/bin/python3 -W ignore:setup.py install is deprecated setup.py egg_info --egg-base build/my_sos build --build-base /home/evrey/ros2_ws/my_sos/build/my_sos/build install --record /home/evrey/ros2_ws/my_sos/build/my_sos/install.log --single-version-externally-managed install_data
