[0.707s] Invoking command in '/home/evrey/ros2_ws/my_sos': PYTHONPATH=/home/evrey/ros2_ws/my_sos/build/my_sos/prefix_override:/usr/lib/python3/dist-packages/colcon_core/task/python/colcon_distutils_commands:/home/evrey/ros2_ws/my_sos/install/my_sos/lib/python3.10/site-packages:${PYTHONPATH} /usr/bin/python3 -W ignore:setup.py install is deprecated setup.py egg_info --egg-base build/my_sos build --build-base /home/evrey/ros2_ws/my_sos/build/my_sos/build install --record /home/evrey/ros2_ws/my_sos/build/my_sos/install.log --single-version-externally-managed install_data
[0.962s] running egg_info
[0.963s] writing build/my_sos/my_sos.egg-info/PKG-INFO
[0.963s] writing dependency_links to build/my_sos/my_sos.egg-info/dependency_links.txt
[0.963s] writing entry points to build/my_sos/my_sos.egg-info/entry_points.txt
[0.964s] writing requirements to build/my_sos/my_sos.egg-info/requires.txt
[0.964s] writing top-level names to build/my_sos/my_sos.egg-info/top_level.txt
[0.966s] reading manifest file 'build/my_sos/my_sos.egg-info/SOURCES.txt'
[0.967s] writing manifest file 'build/my_sos/my_sos.egg-info/SOURCES.txt'
[0.967s] running build
[0.967s] running build_py
[0.967s] copying my_sos/velor.py -> /home/evrey/ros2_ws/my_sos/build/my_sos/build/lib/my_sos
[0.967s] copying my_sos/sos.py -> /home/evrey/ros2_ws/my_sos/build/my_sos/build/lib/my_sos
[0.968s] running install
[0.968s] running install_lib
[0.969s] copying /home/evrey/ros2_ws/my_sos/build/my_sos/build/lib/my_sos/velor.py -> /home/evrey/ros2_ws/my_sos/install/my_sos/lib/python3.10/site-packages/my_sos
[0.969s] copying /home/evrey/ros2_ws/my_sos/build/my_sos/build/lib/my_sos/sos.py -> /home/evrey/ros2_ws/my_sos/install/my_sos/lib/python3.10/site-packages/my_sos
[0.970s] byte-compiling /home/evrey/ros2_ws/my_sos/install/my_sos/lib/python3.10/site-packages/my_sos/velor.py to velor.cpython-310.pyc
[0.971s] byte-compiling /home/evrey/ros2_ws/my_sos/install/my_sos/lib/python3.10/site-packages/my_sos/sos.py to sos.cpython-310.pyc
[0.972s] running install_data
[0.972s] running install_egg_info
[0.974s] removing '/home/evrey/ros2_ws/my_sos/install/my_sos/lib/python3.10/site-packages/my_sos-0.0.0-py3.10.egg-info' (and everything under it)
[0.974s] Copying build/my_sos/my_sos.egg-info to /home/evrey/ros2_ws/my_sos/install/my_sos/lib/python3.10/site-packages/my_sos-0.0.0-py3.10.egg-info
[0.975s] running install_scripts
[1.001s] Installing cv2_vis script to /home/evrey/ros2_ws/my_sos/install/my_sos/lib/my_sos
[1.001s] Installing sos_vis script to /home/evrey/ros2_ws/my_sos/install/my_sos/lib/my_sos
[1.001s] writing list of installed files to '/home/evrey/ros2_ws/my_sos/build/my_sos/install.log'
[1.024s] Invoked command in '/home/evrey/ros2_ws/my_sos' returned '0': PYTHONPATH=/home/evrey/ros2_ws/my_sos/build/my_sos/prefix_override:/usr/lib/python3/dist-packages/colcon_core/task/python/colcon_distutils_commands:/home/evrey/ros2_ws/my_sos/install/my_sos/lib/python3.10/site-packages:${PYTHONPATH} /usr/bin/python3 -W ignore:setup.py install is deprecated setup.py egg_info --egg-base build/my_sos build --build-base /home/evrey/ros2_ws/my_sos/build/my_sos/build install --record /home/evrey/ros2_ws/my_sos/build/my_sos/install.log --single-version-externally-managed install_data
