[0.413s] DEBUG:colcon:Command line arguments: ['/usr/bin/colcon', 'build']
[0.413s] DEBUG:colcon:Parsed command line arguments: Namespace(log_base=None, log_level=None, verb_name='build', build_base='build', install_base='install', merge_install=False, symlink_install=False, test_result_base=None, continue_on_error=False, executor='parallel', parallel_workers=8, event_handlers=None, ignore_user_meta=False, metas=['./colcon.meta'], base_paths=['.'], packages_ignore=None, packages_ignore_regex=None, paths=None, packages_up_to=None, packages_up_to_regex=None, packages_above=None, packages_above_and_dependencies=None, packages_above_depth=None, packages_select_by_dep=None, packages_skip_by_dep=None, packages_skip_up_to=None, packages_select_build_failed=False, packages_skip_build_finished=False, packages_select_test_failures=False, packages_skip_test_passed=False, packages_select=None, packages_skip=None, packages_select_regex=None, packages_skip_regex=None, packages_start=None, packages_end=None, allow_overriding=[], cmake_args=None, cmake_target=None, cmake_target_skip_unavailable=False, cmake_clean_cache=False, cmake_clean_first=False, cmake_force_configure=False, ament_cmake_args=None, catkin_cmake_args=None, catkin_skip_building_tests=False, mixin_files=None, mixin=None, verb_parser=<colcon_mixin.mixin.mixin_argument.MixinArgumentDecorator object at 0x711994131360>, verb_extension=<colcon_core.verb.build.BuildVerb object at 0x711994130d90>, main=<bound method BuildVerb.main of <colcon_core.verb.build.BuildVerb object at 0x711994130d90>>, mixin_verb=('build',))
[0.866s] Level 1:colcon.colcon_core.package_discovery:discover_packages(colcon_meta) check parameters
[0.866s] Level 1:colcon.colcon_core.package_discovery:discover_packages(recursive) check parameters
[0.866s] Level 1:colcon.colcon_core.package_discovery:discover_packages(ignore) check parameters
[0.867s] Level 1:colcon.colcon_core.package_discovery:discover_packages(path) check parameters
[0.867s] Level 1:colcon.colcon_core.package_discovery:discover_packages(colcon_meta) discover
[0.867s] Level 1:colcon.colcon_core.package_discovery:discover_packages(recursive) discover
[0.867s] INFO:colcon.colcon_core.package_discovery:Crawling recursively for packages in '/home/maxim/git_reps/Robotech/autorace_core_SkufLords'
[0.867s] Level 1:colcon.colcon_core.package_identification:_identify(.) by extensions ['ignore', 'ignore_ament_install']
[0.867s] Level 1:colcon.colcon_core.package_identification:_identify(.) by extension 'ignore'
[0.867s] Level 1:colcon.colcon_core.package_identification:_identify(.) by extension 'ignore_ament_install'
[0.867s] Level 1:colcon.colcon_core.package_identification:_identify(.) by extensions ['colcon_pkg']
[0.867s] Level 1:colcon.colcon_core.package_identification:_identify(.) by extension 'colcon_pkg'
[0.867s] Level 1:colcon.colcon_core.package_identification:_identify(.) by extensions ['colcon_meta']
[0.867s] Level 1:colcon.colcon_core.package_identification:_identify(.) by extension 'colcon_meta'
[0.867s] Level 1:colcon.colcon_core.package_identification:_identify(.) by extensions ['ros']
[0.867s] Level 1:colcon.colcon_core.package_identification:_identify(.) by extension 'ros'
[0.884s] DEBUG:colcon.colcon_core.package_identification:Package '.' with type 'ros.ament_python' and name 'autorace_core_SkufLords'
[0.885s] Level 1:colcon.colcon_core.package_discovery:discover_packages(recursive) using defaults
[0.885s] Level 1:colcon.colcon_core.package_discovery:discover_packages(ignore) discover
[0.885s] Level 1:colcon.colcon_core.package_discovery:discover_packages(ignore) using defaults
[0.885s] Level 1:colcon.colcon_core.package_discovery:discover_packages(path) discover
[0.885s] Level 1:colcon.colcon_core.package_discovery:discover_packages(path) using defaults
[0.943s] Level 1:colcon.colcon_core.package_discovery:discover_packages(prefix_path) check parameters
[0.944s] Level 1:colcon.colcon_core.package_discovery:discover_packages(prefix_path) discover
[0.972s] DEBUG:colcon.colcon_installed_package_information.package_discovery:Found 345 installed packages in /home/maxim/ros2_humble/install
[0.976s] DEBUG:colcon.colcon_installed_package_information.package_discovery:Found 162 installed packages in /opt/ros/humble
[0.983s] Level 1:colcon.colcon_core.package_discovery:discover_packages(prefix_path) using defaults
[1.317s] Level 5:colcon.colcon_core.verb:set package 'autorace_core_SkufLords' build argument 'cmake_args' from command line to 'None'
[1.317s] Level 5:colcon.colcon_core.verb:set package 'autorace_core_SkufLords' build argument 'cmake_target' from command line to 'None'
[1.317s] Level 5:colcon.colcon_core.verb:set package 'autorace_core_SkufLords' build argument 'cmake_target_skip_unavailable' from command line to 'False'
[1.317s] Level 5:colcon.colcon_core.verb:set package 'autorace_core_SkufLords' build argument 'cmake_clean_cache' from command line to 'False'
[1.317s] Level 5:colcon.colcon_core.verb:set package 'autorace_core_SkufLords' build argument 'cmake_clean_first' from command line to 'False'
[1.317s] Level 5:colcon.colcon_core.verb:set package 'autorace_core_SkufLords' build argument 'cmake_force_configure' from command line to 'False'
[1.317s] Level 5:colcon.colcon_core.verb:set package 'autorace_core_SkufLords' build argument 'ament_cmake_args' from command line to 'None'
[1.317s] Level 5:colcon.colcon_core.verb:set package 'autorace_core_SkufLords' build argument 'catkin_cmake_args' from command line to 'None'
[1.317s] Level 5:colcon.colcon_core.verb:set package 'autorace_core_SkufLords' build argument 'catkin_skip_building_tests' from command line to 'False'
[1.317s] DEBUG:colcon.colcon_core.verb:Building package 'autorace_core_SkufLords' with the following arguments: {'ament_cmake_args': None, 'build_base': '/home/maxim/git_reps/Robotech/autorace_core_SkufLords/build/autorace_core_SkufLords', 'catkin_cmake_args': None, 'catkin_skip_building_tests': False, 'cmake_args': None, 'cmake_clean_cache': False, 'cmake_clean_first': False, 'cmake_force_configure': False, 'cmake_target': None, 'cmake_target_skip_unavailable': False, 'install_base': '/home/maxim/git_reps/Robotech/autorace_core_SkufLords/install/autorace_core_SkufLords', 'merge_install': False, 'path': '/home/maxim/git_reps/Robotech/autorace_core_SkufLords', 'symlink_install': False, 'test_result_base': None}
[1.318s] INFO:colcon.colcon_core.executor:Executing jobs using 'parallel' executor
[1.319s] DEBUG:colcon.colcon_parallel_executor.executor.parallel:run_until_complete
[1.319s] INFO:colcon.colcon_ros.task.ament_python.build:Building ROS package in '/home/maxim/git_reps/Robotech/autorace_core_SkufLords' with build type 'ament_python'
[1.319s] Level 1:colcon.colcon_core.shell:create_environment_hook('autorace_core_SkufLords', 'ament_prefix_path')
[1.328s] INFO:colcon.colcon_core.plugin_system:Skipping extension 'colcon_core.shell.bat': Not used on non-Windows systems
[1.328s] INFO:colcon.colcon_core.shell:Creating environment hook '/home/maxim/git_reps/Robotech/autorace_core_SkufLords/install/autorace_core_SkufLords/share/autorace_core_SkufLords/hook/ament_prefix_path.ps1'
[1.329s] INFO:colcon.colcon_core.shell:Creating environment descriptor '/home/maxim/git_reps/Robotech/autorace_core_SkufLords/install/autorace_core_SkufLords/share/autorace_core_SkufLords/hook/ament_prefix_path.dsv'
[1.331s] INFO:colcon.colcon_core.shell:Creating environment hook '/home/maxim/git_reps/Robotech/autorace_core_SkufLords/install/autorace_core_SkufLords/share/autorace_core_SkufLords/hook/ament_prefix_path.sh'
[1.332s] INFO:colcon.colcon_core.shell:Skip shell extension 'powershell' for command environment: Not usable outside of PowerShell
[1.332s] DEBUG:colcon.colcon_core.shell:Skip shell extension 'dsv' for command environment
[2.157s] INFO:colcon.colcon_core.task.python.build:Building Python package in '/home/maxim/git_reps/Robotech/autorace_core_SkufLords'
[2.158s] INFO:colcon.colcon_core.shell:Skip shell extension 'powershell' for command environment: Not usable outside of PowerShell
[2.158s] DEBUG:colcon.colcon_core.shell:Skip shell extension 'dsv' for command environment
[3.354s] DEBUG:colcon.colcon_core.event_handler.log_command:Invoking command in '/home/maxim/git_reps/Robotech/autorace_core_SkufLords': PYTHONPATH=/home/maxim/git_reps/Robotech/autorace_core_SkufLords/build/autorace_core_SkufLords/prefix_override:/usr/lib/python3/dist-packages/colcon_core/task/python/colcon_distutils_commands:/home/maxim/git_reps/Robotech/autorace_core_SkufLords/install/autorace_core_SkufLords/lib/python3.10/site-packages:${PYTHONPATH} /usr/bin/python3 -W ignore:setup.py install is deprecated setup.py egg_info --egg-base build/autorace_core_SkufLords build --build-base /home/maxim/git_reps/Robotech/autorace_core_SkufLords/build/autorace_core_SkufLords/build install --record /home/maxim/git_reps/Robotech/autorace_core_SkufLords/build/autorace_core_SkufLords/install.log --single-version-externally-managed install_data
[4.174s] DEBUG:colcon.colcon_core.event_handler.log_command:Invoked command in '/home/maxim/git_reps/Robotech/autorace_core_SkufLords' returned '0': PYTHONPATH=/home/maxim/git_reps/Robotech/autorace_core_SkufLords/build/autorace_core_SkufLords/prefix_override:/usr/lib/python3/dist-packages/colcon_core/task/python/colcon_distutils_commands:/home/maxim/git_reps/Robotech/autorace_core_SkufLords/install/autorace_core_SkufLords/lib/python3.10/site-packages:${PYTHONPATH} /usr/bin/python3 -W ignore:setup.py install is deprecated setup.py egg_info --egg-base build/autorace_core_SkufLords build --build-base /home/maxim/git_reps/Robotech/autorace_core_SkufLords/build/autorace_core_SkufLords/build install --record /home/maxim/git_reps/Robotech/autorace_core_SkufLords/build/autorace_core_SkufLords/install.log --single-version-externally-managed install_data
[4.183s] Level 1:colcon.colcon_core.environment:checking '/home/maxim/git_reps/Robotech/autorace_core_SkufLords/install/autorace_core_SkufLords' for CMake module files
[4.183s] Level 1:colcon.colcon_core.environment:checking '/home/maxim/git_reps/Robotech/autorace_core_SkufLords/install/autorace_core_SkufLords' for CMake config files
[4.184s] Level 1:colcon.colcon_core.environment:checking '/home/maxim/git_reps/Robotech/autorace_core_SkufLords/install/autorace_core_SkufLords/lib'
[4.184s] Level 1:colcon.colcon_core.environment:checking '/home/maxim/git_reps/Robotech/autorace_core_SkufLords/install/autorace_core_SkufLords/bin'
[4.184s] Level 1:colcon.colcon_core.environment:checking '/home/maxim/git_reps/Robotech/autorace_core_SkufLords/install/autorace_core_SkufLords/lib/pkgconfig/autorace_core_SkufLords.pc'
[4.184s] Level 1:colcon.colcon_core.environment:checking '/home/maxim/git_reps/Robotech/autorace_core_SkufLords/install/autorace_core_SkufLords/lib/python3.10/site-packages'
[4.185s] Level 1:colcon.colcon_core.shell:create_environment_hook('autorace_core_SkufLords', 'pythonpath')
[4.185s] INFO:colcon.colcon_core.shell:Creating environment hook '/home/maxim/git_reps/Robotech/autorace_core_SkufLords/install/autorace_core_SkufLords/share/autorace_core_SkufLords/hook/pythonpath.ps1'
[4.186s] INFO:colcon.colcon_core.shell:Creating environment descriptor '/home/maxim/git_reps/Robotech/autorace_core_SkufLords/install/autorace_core_SkufLords/share/autorace_core_SkufLords/hook/pythonpath.dsv'
[4.186s] INFO:colcon.colcon_core.shell:Creating environment hook '/home/maxim/git_reps/Robotech/autorace_core_SkufLords/install/autorace_core_SkufLords/share/autorace_core_SkufLords/hook/pythonpath.sh'
[4.187s] Level 1:colcon.colcon_core.environment:checking '/home/maxim/git_reps/Robotech/autorace_core_SkufLords/install/autorace_core_SkufLords/bin'
[4.187s] Level 1:colcon.colcon_core.environment:create_environment_scripts_only(autorace_core_SkufLords)
[4.187s] INFO:colcon.colcon_core.shell:Creating package script '/home/maxim/git_reps/Robotech/autorace_core_SkufLords/install/autorace_core_SkufLords/share/autorace_core_SkufLords/package.ps1'
[4.189s] INFO:colcon.colcon_core.shell:Creating package descriptor '/home/maxim/git_reps/Robotech/autorace_core_SkufLords/install/autorace_core_SkufLords/share/autorace_core_SkufLords/package.dsv'
[4.190s] INFO:colcon.colcon_core.shell:Creating package script '/home/maxim/git_reps/Robotech/autorace_core_SkufLords/install/autorace_core_SkufLords/share/autorace_core_SkufLords/package.sh'
[4.191s] INFO:colcon.colcon_core.shell:Creating package script '/home/maxim/git_reps/Robotech/autorace_core_SkufLords/install/autorace_core_SkufLords/share/autorace_core_SkufLords/package.bash'
[4.193s] INFO:colcon.colcon_core.shell:Creating package script '/home/maxim/git_reps/Robotech/autorace_core_SkufLords/install/autorace_core_SkufLords/share/autorace_core_SkufLords/package.zsh'
[4.195s] Level 1:colcon.colcon_core.environment:create_file_with_runtime_dependencies(/home/maxim/git_reps/Robotech/autorace_core_SkufLords/install/autorace_core_SkufLords/share/colcon-core/packages/autorace_core_SkufLords)
[4.195s] DEBUG:colcon.colcon_parallel_executor.executor.parallel:closing loop
[4.196s] DEBUG:colcon.colcon_parallel_executor.executor.parallel:loop closed
[4.196s] DEBUG:colcon.colcon_parallel_executor.executor.parallel:run_until_complete finished with '0'
[4.196s] DEBUG:colcon.colcon_core.event_reactor:joining thread
[4.216s] INFO:colcon.colcon_core.plugin_system:Skipping extension 'colcon_notification.desktop_notification.terminal_notifier': Not used on non-Darwin systems
[4.216s] INFO:colcon.colcon_core.plugin_system:Skipping extension 'colcon_notification.desktop_notification.win32': Not used on non-Windows systems
[4.216s] INFO:colcon.colcon_notification.desktop_notification:Sending desktop notification using 'notify2'
[4.234s] DEBUG:colcon.colcon_core.event_reactor:joined thread
[4.234s] INFO:colcon.colcon_core.shell:Creating prefix script '/home/maxim/git_reps/Robotech/autorace_core_SkufLords/install/local_setup.ps1'
[4.236s] INFO:colcon.colcon_core.shell:Creating prefix util module '/home/maxim/git_reps/Robotech/autorace_core_SkufLords/install/_local_setup_util_ps1.py'
[4.239s] INFO:colcon.colcon_core.shell:Creating prefix chain script '/home/maxim/git_reps/Robotech/autorace_core_SkufLords/install/setup.ps1'
[4.255s] INFO:colcon.colcon_core.shell:Creating prefix script '/home/maxim/git_reps/Robotech/autorace_core_SkufLords/install/local_setup.sh'
[4.256s] INFO:colcon.colcon_core.shell:Creating prefix util module '/home/maxim/git_reps/Robotech/autorace_core_SkufLords/install/_local_setup_util_sh.py'
[4.257s] INFO:colcon.colcon_core.shell:Creating prefix chain script '/home/maxim/git_reps/Robotech/autorace_core_SkufLords/install/setup.sh'
[4.275s] INFO:colcon.colcon_core.shell:Creating prefix script '/home/maxim/git_reps/Robotech/autorace_core_SkufLords/install/local_setup.bash'
[4.279s] INFO:colcon.colcon_core.shell:Creating prefix chain script '/home/maxim/git_reps/Robotech/autorace_core_SkufLords/install/setup.bash'
[4.294s] INFO:colcon.colcon_core.shell:Creating prefix script '/home/maxim/git_reps/Robotech/autorace_core_SkufLords/install/local_setup.zsh'
[4.295s] INFO:colcon.colcon_core.shell:Creating prefix chain script '/home/maxim/git_reps/Robotech/autorace_core_SkufLords/install/setup.zsh'
