[0.162s] DEBUG:colcon:Command line arguments: ['/usr/bin/colcon', 'build']
[0.162s] DEBUG:colcon:Parsed command line arguments: Namespace(log_base=None, log_level=None, verb_name='build', build_base='build', install_base='install', merge_install=False, symlink_install=False, test_result_base=None, continue_on_error=False, executor='parallel', parallel_workers=8, event_handlers=None, ignore_user_meta=False, metas=['./colcon.meta'], base_paths=['.'], packages_ignore=None, packages_ignore_regex=None, paths=None, packages_up_to=None, packages_up_to_regex=None, packages_above=None, packages_above_and_dependencies=None, packages_above_depth=None, packages_select_by_dep=None, packages_skip_by_dep=None, packages_skip_up_to=None, packages_select_build_failed=False, packages_skip_build_finished=False, packages_select_test_failures=False, packages_skip_test_passed=False, packages_select=None, packages_skip=None, packages_select_regex=None, packages_skip_regex=None, packages_start=None, packages_end=None, allow_overriding=[], cmake_args=None, cmake_target=None, cmake_target_skip_unavailable=False, cmake_clean_cache=False, cmake_clean_first=False, cmake_force_configure=False, ament_cmake_args=None, catkin_cmake_args=None, catkin_skip_building_tests=False, mixin_files=None, mixin=None, verb_parser=<colcon_mixin.mixin.mixin_argument.MixinArgumentDecorator object at 0x7dcca21435e0>, verb_extension=<colcon_core.verb.build.BuildVerb object at 0x7dcca2227640>, main=<bound method BuildVerb.main of <colcon_core.verb.build.BuildVerb object at 0x7dcca2227640>>, mixin_verb=('build',))
[0.362s] Level 1:colcon.colcon_core.package_discovery:discover_packages(colcon_meta) check parameters
[0.362s] Level 1:colcon.colcon_core.package_discovery:discover_packages(recursive) check parameters
[0.363s] Level 1:colcon.colcon_core.package_discovery:discover_packages(ignore) check parameters
[0.363s] Level 1:colcon.colcon_core.package_discovery:discover_packages(path) check parameters
[0.363s] Level 1:colcon.colcon_core.package_discovery:discover_packages(colcon_meta) discover
[0.363s] Level 1:colcon.colcon_core.package_discovery:discover_packages(recursive) discover
[0.363s] INFO:colcon.colcon_core.package_discovery:Crawling recursively for packages in '/home/evrey/ros2_ws/autorace_core_SkufLords'
[0.363s] Level 1:colcon.colcon_core.package_identification:_identify(.) by extensions ['ignore', 'ignore_ament_install']
[0.363s] Level 1:colcon.colcon_core.package_identification:_identify(.) by extension 'ignore'
[0.363s] Level 1:colcon.colcon_core.package_identification:_identify(.) by extension 'ignore_ament_install'
[0.363s] Level 1:colcon.colcon_core.package_identification:_identify(.) by extensions ['colcon_pkg']
[0.363s] Level 1:colcon.colcon_core.package_identification:_identify(.) by extension 'colcon_pkg'
[0.363s] Level 1:colcon.colcon_core.package_identification:_identify(.) by extensions ['colcon_meta']
[0.363s] Level 1:colcon.colcon_core.package_identification:_identify(.) by extension 'colcon_meta'
[0.363s] Level 1:colcon.colcon_core.package_identification:_identify(.) by extensions ['ros']
[0.363s] Level 1:colcon.colcon_core.package_identification:_identify(.) by extension 'ros'
[0.377s] DEBUG:colcon.colcon_core.package_identification:Package '.' with type 'ros.ament_python' and name 'autorace_core_SkufLords'
[0.377s] Level 1:colcon.colcon_core.package_discovery:discover_packages(recursive) using defaults
[0.378s] Level 1:colcon.colcon_core.package_discovery:discover_packages(ignore) discover
[0.378s] Level 1:colcon.colcon_core.package_discovery:discover_packages(ignore) using defaults
[0.378s] Level 1:colcon.colcon_core.package_discovery:discover_packages(path) discover
[0.378s] Level 1:colcon.colcon_core.package_discovery:discover_packages(path) using defaults
[0.398s] Level 1:colcon.colcon_core.package_discovery:discover_packages(prefix_path) check parameters
[0.398s] Level 1:colcon.colcon_core.package_discovery:discover_packages(prefix_path) discover
[0.401s] DEBUG:colcon.colcon_installed_package_information.package_discovery:Found 1 installed packages in /home/evrey/ros2_ws/autorace_core_SkufLords/install
[0.402s] DEBUG:colcon.colcon_installed_package_information.package_discovery:Found 6 installed packages in /home/evrey/ros2_ws/ros2competition/install
[0.402s] DEBUG:colcon.colcon_installed_package_information.package_discovery:Found 2 installed packages in /home/evrey/ros2_ws/install
[0.404s] DEBUG:colcon.colcon_installed_package_information.package_discovery:Found 292 installed packages in /opt/ros/humble
[0.417s] Level 1:colcon.colcon_core.package_discovery:discover_packages(prefix_path) using defaults
[0.456s] Level 5:colcon.colcon_core.verb:set package 'autorace_core_SkufLords' build argument 'cmake_args' from command line to 'None'
[0.456s] Level 5:colcon.colcon_core.verb:set package 'autorace_core_SkufLords' build argument 'cmake_target' from command line to 'None'
[0.456s] Level 5:colcon.colcon_core.verb:set package 'autorace_core_SkufLords' build argument 'cmake_target_skip_unavailable' from command line to 'False'
[0.457s] Level 5:colcon.colcon_core.verb:set package 'autorace_core_SkufLords' build argument 'cmake_clean_cache' from command line to 'False'
[0.457s] Level 5:colcon.colcon_core.verb:set package 'autorace_core_SkufLords' build argument 'cmake_clean_first' from command line to 'False'
[0.457s] Level 5:colcon.colcon_core.verb:set package 'autorace_core_SkufLords' build argument 'cmake_force_configure' from command line to 'False'
[0.457s] Level 5:colcon.colcon_core.verb:set package 'autorace_core_SkufLords' build argument 'ament_cmake_args' from command line to 'None'
[0.457s] Level 5:colcon.colcon_core.verb:set package 'autorace_core_SkufLords' build argument 'catkin_cmake_args' from command line to 'None'
[0.457s] Level 5:colcon.colcon_core.verb:set package 'autorace_core_SkufLords' build argument 'catkin_skip_building_tests' from command line to 'False'
[0.457s] DEBUG:colcon.colcon_core.verb:Building package 'autorace_core_SkufLords' with the following arguments: {'ament_cmake_args': None, 'build_base': '/home/evrey/ros2_ws/autorace_core_SkufLords/build/autorace_core_SkufLords', 'catkin_cmake_args': None, 'catkin_skip_building_tests': False, 'cmake_args': None, 'cmake_clean_cache': False, 'cmake_clean_first': False, 'cmake_force_configure': False, 'cmake_target': None, 'cmake_target_skip_unavailable': False, 'install_base': '/home/evrey/ros2_ws/autorace_core_SkufLords/install/autorace_core_SkufLords', 'merge_install': False, 'path': '/home/evrey/ros2_ws/autorace_core_SkufLords', 'symlink_install': False, 'test_result_base': None}
[0.457s] INFO:colcon.colcon_core.executor:Executing jobs using 'parallel' executor
[0.458s] DEBUG:colcon.colcon_parallel_executor.executor.parallel:run_until_complete
[0.458s] INFO:colcon.colcon_ros.task.ament_python.build:Building ROS package in '/home/evrey/ros2_ws/autorace_core_SkufLords' with build type 'ament_python'
[0.458s] Level 1:colcon.colcon_core.shell:create_environment_hook('autorace_core_SkufLords', 'ament_prefix_path')
[0.460s] INFO:colcon.colcon_core.plugin_system:Skipping extension 'colcon_core.shell.bat': Not used on non-Windows systems
[0.460s] INFO:colcon.colcon_core.shell:Creating environment hook '/home/evrey/ros2_ws/autorace_core_SkufLords/install/autorace_core_SkufLords/share/autorace_core_SkufLords/hook/ament_prefix_path.ps1'
[0.461s] INFO:colcon.colcon_core.shell:Creating environment descriptor '/home/evrey/ros2_ws/autorace_core_SkufLords/install/autorace_core_SkufLords/share/autorace_core_SkufLords/hook/ament_prefix_path.dsv'
[0.461s] INFO:colcon.colcon_core.shell:Creating environment hook '/home/evrey/ros2_ws/autorace_core_SkufLords/install/autorace_core_SkufLords/share/autorace_core_SkufLords/hook/ament_prefix_path.sh'
[0.462s] INFO:colcon.colcon_core.shell:Skip shell extension 'powershell' for command environment: Not usable outside of PowerShell
[0.462s] DEBUG:colcon.colcon_core.shell:Skip shell extension 'dsv' for command environment
[0.778s] INFO:colcon.colcon_core.task.python.build:Building Python package in '/home/evrey/ros2_ws/autorace_core_SkufLords'
[0.778s] INFO:colcon.colcon_core.shell:Skip shell extension 'powershell' for command environment: Not usable outside of PowerShell
[0.778s] DEBUG:colcon.colcon_core.shell:Skip shell extension 'dsv' for command environment
[1.124s] DEBUG:colcon.colcon_core.event_handler.log_command:Invoking command in '/home/evrey/ros2_ws/autorace_core_SkufLords': PYTHONPATH=/home/evrey/ros2_ws/autorace_core_SkufLords/build/autorace_core_SkufLords/prefix_override:/usr/lib/python3/dist-packages/colcon_core/task/python/colcon_distutils_commands:/home/evrey/ros2_ws/autorace_core_SkufLords/install/autorace_core_SkufLords/lib/python3.10/site-packages:${PYTHONPATH} /usr/bin/python3 -W ignore:setup.py install is deprecated setup.py egg_info --egg-base build/autorace_core_SkufLords build --build-base /home/evrey/ros2_ws/autorace_core_SkufLords/build/autorace_core_SkufLords/build install --record /home/evrey/ros2_ws/autorace_core_SkufLords/build/autorace_core_SkufLords/install.log --single-version-externally-managed install_data
[1.434s] DEBUG:colcon.colcon_core.event_handler.log_command:Invoked command in '/home/evrey/ros2_ws/autorace_core_SkufLords' returned '0': PYTHONPATH=/home/evrey/ros2_ws/autorace_core_SkufLords/build/autorace_core_SkufLords/prefix_override:/usr/lib/python3/dist-packages/colcon_core/task/python/colcon_distutils_commands:/home/evrey/ros2_ws/autorace_core_SkufLords/install/autorace_core_SkufLords/lib/python3.10/site-packages:${PYTHONPATH} /usr/bin/python3 -W ignore:setup.py install is deprecated setup.py egg_info --egg-base build/autorace_core_SkufLords build --build-base /home/evrey/ros2_ws/autorace_core_SkufLords/build/autorace_core_SkufLords/build install --record /home/evrey/ros2_ws/autorace_core_SkufLords/build/autorace_core_SkufLords/install.log --single-version-externally-managed install_data
[1.436s] Level 1:colcon.colcon_core.environment:checking '/home/evrey/ros2_ws/autorace_core_SkufLords/install/autorace_core_SkufLords' for CMake module files
[1.436s] Level 1:colcon.colcon_core.environment:checking '/home/evrey/ros2_ws/autorace_core_SkufLords/install/autorace_core_SkufLords' for CMake config files
[1.437s] Level 1:colcon.colcon_core.environment:checking '/home/evrey/ros2_ws/autorace_core_SkufLords/install/autorace_core_SkufLords/lib'
[1.437s] Level 1:colcon.colcon_core.environment:checking '/home/evrey/ros2_ws/autorace_core_SkufLords/install/autorace_core_SkufLords/bin'
[1.437s] Level 1:colcon.colcon_core.environment:checking '/home/evrey/ros2_ws/autorace_core_SkufLords/install/autorace_core_SkufLords/lib/pkgconfig/autorace_core_SkufLords.pc'
[1.437s] Level 1:colcon.colcon_core.environment:checking '/home/evrey/ros2_ws/autorace_core_SkufLords/install/autorace_core_SkufLords/lib/python3.10/site-packages'
[1.437s] Level 1:colcon.colcon_core.shell:create_environment_hook('autorace_core_SkufLords', 'pythonpath')
[1.437s] INFO:colcon.colcon_core.shell:Creating environment hook '/home/evrey/ros2_ws/autorace_core_SkufLords/install/autorace_core_SkufLords/share/autorace_core_SkufLords/hook/pythonpath.ps1'
[1.438s] INFO:colcon.colcon_core.shell:Creating environment descriptor '/home/evrey/ros2_ws/autorace_core_SkufLords/install/autorace_core_SkufLords/share/autorace_core_SkufLords/hook/pythonpath.dsv'
[1.438s] INFO:colcon.colcon_core.shell:Creating environment hook '/home/evrey/ros2_ws/autorace_core_SkufLords/install/autorace_core_SkufLords/share/autorace_core_SkufLords/hook/pythonpath.sh'
[1.438s] Level 1:colcon.colcon_core.environment:checking '/home/evrey/ros2_ws/autorace_core_SkufLords/install/autorace_core_SkufLords/bin'
[1.439s] Level 1:colcon.colcon_core.environment:create_environment_scripts_only(autorace_core_SkufLords)
[1.439s] INFO:colcon.colcon_core.shell:Creating package script '/home/evrey/ros2_ws/autorace_core_SkufLords/install/autorace_core_SkufLords/share/autorace_core_SkufLords/package.ps1'
[1.440s] INFO:colcon.colcon_core.shell:Creating package descriptor '/home/evrey/ros2_ws/autorace_core_SkufLords/install/autorace_core_SkufLords/share/autorace_core_SkufLords/package.dsv'
[1.440s] INFO:colcon.colcon_core.shell:Creating package script '/home/evrey/ros2_ws/autorace_core_SkufLords/install/autorace_core_SkufLords/share/autorace_core_SkufLords/package.sh'
[1.441s] INFO:colcon.colcon_core.shell:Creating package script '/home/evrey/ros2_ws/autorace_core_SkufLords/install/autorace_core_SkufLords/share/autorace_core_SkufLords/package.bash'
[1.441s] INFO:colcon.colcon_core.shell:Creating package script '/home/evrey/ros2_ws/autorace_core_SkufLords/install/autorace_core_SkufLords/share/autorace_core_SkufLords/package.zsh'
[1.442s] Level 1:colcon.colcon_core.environment:create_file_with_runtime_dependencies(/home/evrey/ros2_ws/autorace_core_SkufLords/install/autorace_core_SkufLords/share/colcon-core/packages/autorace_core_SkufLords)
[1.442s] DEBUG:colcon.colcon_parallel_executor.executor.parallel:closing loop
[1.443s] DEBUG:colcon.colcon_parallel_executor.executor.parallel:loop closed
[1.443s] DEBUG:colcon.colcon_parallel_executor.executor.parallel:run_until_complete finished with '0'
[1.443s] DEBUG:colcon.colcon_core.event_reactor:joining thread
[1.448s] INFO:colcon.colcon_core.plugin_system:Skipping extension 'colcon_notification.desktop_notification.terminal_notifier': Not used on non-Darwin systems
[1.448s] INFO:colcon.colcon_core.plugin_system:Skipping extension 'colcon_notification.desktop_notification.win32': Not used on non-Windows systems
[1.448s] INFO:colcon.colcon_notification.desktop_notification:Sending desktop notification using 'notify2'
[1.455s] DEBUG:colcon.colcon_core.event_reactor:joined thread
[1.455s] INFO:colcon.colcon_core.shell:Creating prefix script '/home/evrey/ros2_ws/autorace_core_SkufLords/install/local_setup.ps1'
[1.456s] INFO:colcon.colcon_core.shell:Creating prefix util module '/home/evrey/ros2_ws/autorace_core_SkufLords/install/_local_setup_util_ps1.py'
[1.457s] INFO:colcon.colcon_core.shell:Creating prefix chain script '/home/evrey/ros2_ws/autorace_core_SkufLords/install/setup.ps1'
[1.458s] INFO:colcon.colcon_core.shell:Creating prefix script '/home/evrey/ros2_ws/autorace_core_SkufLords/install/local_setup.sh'
[1.459s] INFO:colcon.colcon_core.shell:Creating prefix util module '/home/evrey/ros2_ws/autorace_core_SkufLords/install/_local_setup_util_sh.py'
[1.459s] INFO:colcon.colcon_core.shell:Creating prefix chain script '/home/evrey/ros2_ws/autorace_core_SkufLords/install/setup.sh'
[1.461s] INFO:colcon.colcon_core.shell:Creating prefix script '/home/evrey/ros2_ws/autorace_core_SkufLords/install/local_setup.bash'
[1.461s] INFO:colcon.colcon_core.shell:Creating prefix chain script '/home/evrey/ros2_ws/autorace_core_SkufLords/install/setup.bash'
[1.462s] INFO:colcon.colcon_core.shell:Creating prefix script '/home/evrey/ros2_ws/autorace_core_SkufLords/install/local_setup.zsh'
[1.463s] INFO:colcon.colcon_core.shell:Creating prefix chain script '/home/evrey/ros2_ws/autorace_core_SkufLords/install/setup.zsh'
