[3.034s] Invoking command in '/home/evrey/ros2_ws/my_sos': PYTHONPATH=/home/evrey/ros2_ws/my_sos/build/my_sos/prefix_override:/usr/lib/python3/dist-packages/colcon_core/task/python/colcon_distutils_commands:/home/evrey/ros2_ws/my_sos/install/my_sos/lib/python3.10/site-packages:${PYTHONPATH} /usr/bin/python3 -W ignore:setup.py install is deprecated setup.py egg_info --egg-base build/my_sos build --build-base /home/evrey/ros2_ws/my_sos/build/my_sos/build install --record /home/evrey/ros2_ws/my_sos/build/my_sos/install.log --single-version-externally-managed install_data
[4.112s] running egg_info
[4.117s] writing build/my_sos/my_sos.egg-info/PKG-INFO
[4.117s] writing dependency_links to build/my_sos/my_sos.egg-info/dependency_links.txt
[4.118s] writing entry points to build/my_sos/my_sos.egg-info/entry_points.txt
[4.118s] writing requirements to build/my_sos/my_sos.egg-info/requires.txt
[4.118s] writing top-level names to build/my_sos/my_sos.egg-info/top_level.txt
[4.125s] reading manifest file 'build/my_sos/my_sos.egg-info/SOURCES.txt'
[4.127s] writing manifest file 'build/my_sos/my_sos.egg-info/SOURCES.txt'
[4.127s] running build
[4.128s] running build_py
[4.128s] copying my_sos/camera.py -> /home/evrey/ros2_ws/my_sos/build/my_sos/build/lib/my_sos
[4.128s] running install
[4.129s] running install_lib
[4.135s] copying /home/evrey/ros2_ws/my_sos/build/my_sos/build/lib/my_sos/camera.py -> /home/evrey/ros2_ws/my_sos/install/my_sos/lib/python3.10/site-packages/my_sos
[4.137s] byte-compiling /home/evrey/ros2_ws/my_sos/install/my_sos/lib/python3.10/site-packages/my_sos/camera.py to camera.cpython-310.pyc
[4.139s] running install_data
[4.141s] running install_egg_info
[4.145s] removing '/home/evrey/ros2_ws/my_sos/install/my_sos/lib/python3.10/site-packages/my_sos-0.0.0-py3.10.egg-info' (and everything under it)
[4.146s] Copying build/my_sos/my_sos.egg-info to /home/evrey/ros2_ws/my_sos/install/my_sos/lib/python3.10/site-packages/my_sos-0.0.0-py3.10.egg-info
[4.158s] running install_scripts
[4.251s] Installing cv2_vis script to /home/evrey/ros2_ws/my_sos/install/my_sos/lib/my_sos
[4.254s] writing list of installed files to '/home/evrey/ros2_ws/my_sos/build/my_sos/install.log'
[4.487s] Invoked command in '/home/evrey/ros2_ws/my_sos' returned '0': PYTHONPATH=/home/evrey/ros2_ws/my_sos/build/my_sos/prefix_override:/usr/lib/python3/dist-packages/colcon_core/task/python/colcon_distutils_commands:/home/evrey/ros2_ws/my_sos/install/my_sos/lib/python3.10/site-packages:${PYTHONPATH} /usr/bin/python3 -W ignore:setup.py install is deprecated setup.py egg_info --egg-base build/my_sos build --build-base /home/evrey/ros2_ws/my_sos/build/my_sos/build install --record /home/evrey/ros2_ws/my_sos/build/my_sos/install.log --single-version-externally-managed install_data
