[0.534s] DEBUG:colcon:Command line arguments: ['/usr/bin/colcon', 'build']
[0.535s] DEBUG:colcon:Parsed command line arguments: Namespace(log_base=None, log_level=None, verb_name='build', build_base='build', install_base='install', merge_install=False, symlink_install=False, test_result_base=None, continue_on_error=False, executor='parallel', parallel_workers=8, event_handlers=None, ignore_user_meta=False, metas=['./colcon.meta'], base_paths=['.'], packages_ignore=None, packages_ignore_regex=None, paths=None, packages_up_to=None, packages_up_to_regex=None, packages_above=None, packages_above_and_dependencies=None, packages_above_depth=None, packages_select_by_dep=None, packages_skip_by_dep=None, packages_skip_up_to=None, packages_select_build_failed=False, packages_skip_build_finished=False, packages_select_test_failures=False, packages_skip_test_passed=False, packages_select=None, packages_skip=None, packages_select_regex=None, packages_skip_regex=None, packages_start=None, packages_end=None, allow_overriding=[], cmake_args=None, cmake_target=None, cmake_target_skip_unavailable=False, cmake_clean_cache=False, cmake_clean_first=False, cmake_force_configure=False, ament_cmake_args=None, catkin_cmake_args=None, catkin_skip_building_tests=False, mixin_files=None, mixin=None, verb_parser=<colcon_mixin.mixin.mixin_argument.MixinArgumentDecorator object at 0x762634e428f0>, verb_extension=<colcon_core.verb.build.BuildVerb object at 0x762634f32830>, main=<bound method BuildVerb.main of <colcon_core.verb.build.BuildVerb object at 0x762634f32830>>, mixin_verb=('build',))
[1.284s] Level 1:colcon.colcon_core.package_discovery:discover_packages(colcon_meta) check parameters
[1.285s] Level 1:colcon.colcon_core.package_discovery:discover_packages(recursive) check parameters
[1.285s] Level 1:colcon.colcon_core.package_discovery:discover_packages(ignore) check parameters
[1.285s] Level 1:colcon.colcon_core.package_discovery:discover_packages(path) check parameters
[1.285s] Level 1:colcon.colcon_core.package_discovery:discover_packages(colcon_meta) discover
[1.285s] Level 1:colcon.colcon_core.package_discovery:discover_packages(recursive) discover
[1.286s] INFO:colcon.colcon_core.package_discovery:Crawling recursively for packages in '/home/evrey/ros2_ws/my_sos'
[1.286s] Level 1:colcon.colcon_core.package_identification:_identify(.) by extensions ['ignore', 'ignore_ament_install']
[1.288s] Level 1:colcon.colcon_core.package_identification:_identify(.) by extension 'ignore'
[1.289s] Level 1:colcon.colcon_core.package_identification:_identify(.) by extension 'ignore_ament_install'
[1.289s] Level 1:colcon.colcon_core.package_identification:_identify(.) by extensions ['colcon_pkg']
[1.289s] Level 1:colcon.colcon_core.package_identification:_identify(.) by extension 'colcon_pkg'
[1.289s] Level 1:colcon.colcon_core.package_identification:_identify(.) by extensions ['colcon_meta']
[1.289s] Level 1:colcon.colcon_core.package_identification:_identify(.) by extension 'colcon_meta'
[1.290s] Level 1:colcon.colcon_core.package_identification:_identify(.) by extensions ['ros']
[1.291s] Level 1:colcon.colcon_core.package_identification:_identify(.) by extension 'ros'
[1.360s] DEBUG:colcon.colcon_core.package_identification:Package '.' with type 'ros.ament_python' and name 'my_sos'
[1.361s] Level 1:colcon.colcon_core.package_discovery:discover_packages(recursive) using defaults
[1.361s] Level 1:colcon.colcon_core.package_discovery:discover_packages(ignore) discover
[1.361s] Level 1:colcon.colcon_core.package_discovery:discover_packages(ignore) using defaults
[1.361s] Level 1:colcon.colcon_core.package_discovery:discover_packages(path) discover
[1.361s] Level 1:colcon.colcon_core.package_discovery:discover_packages(path) using defaults
[1.443s] Level 1:colcon.colcon_core.package_discovery:discover_packages(prefix_path) check parameters
[1.443s] Level 1:colcon.colcon_core.package_discovery:discover_packages(prefix_path) discover
[1.456s] DEBUG:colcon.colcon_installed_package_information.package_discovery:Found 1 installed packages in /home/evrey/ros2_ws/my_sos/install
[1.458s] DEBUG:colcon.colcon_installed_package_information.package_discovery:Found 2 installed packages in /home/evrey/ros2_ws/install
[1.463s] DEBUG:colcon.colcon_installed_package_information.package_discovery:Found 293 installed packages in /opt/ros/humble
[1.543s] Level 1:colcon.colcon_core.package_discovery:discover_packages(prefix_path) using defaults
[1.718s] Level 5:colcon.colcon_core.verb:set package 'my_sos' build argument 'cmake_args' from command line to 'None'
[1.719s] Level 5:colcon.colcon_core.verb:set package 'my_sos' build argument 'cmake_target' from command line to 'None'
[1.719s] Level 5:colcon.colcon_core.verb:set package 'my_sos' build argument 'cmake_target_skip_unavailable' from command line to 'False'
[1.719s] Level 5:colcon.colcon_core.verb:set package 'my_sos' build argument 'cmake_clean_cache' from command line to 'False'
[1.719s] Level 5:colcon.colcon_core.verb:set package 'my_sos' build argument 'cmake_clean_first' from command line to 'False'
[1.719s] Level 5:colcon.colcon_core.verb:set package 'my_sos' build argument 'cmake_force_configure' from command line to 'False'
[1.719s] Level 5:colcon.colcon_core.verb:set package 'my_sos' build argument 'ament_cmake_args' from command line to 'None'
[1.719s] Level 5:colcon.colcon_core.verb:set package 'my_sos' build argument 'catkin_cmake_args' from command line to 'None'
[1.719s] Level 5:colcon.colcon_core.verb:set package 'my_sos' build argument 'catkin_skip_building_tests' from command line to 'False'
[1.719s] DEBUG:colcon.colcon_core.verb:Building package 'my_sos' with the following arguments: {'ament_cmake_args': None, 'build_base': '/home/evrey/ros2_ws/my_sos/build/my_sos', 'catkin_cmake_args': None, 'catkin_skip_building_tests': False, 'cmake_args': None, 'cmake_clean_cache': False, 'cmake_clean_first': False, 'cmake_force_configure': False, 'cmake_target': None, 'cmake_target_skip_unavailable': False, 'install_base': '/home/evrey/ros2_ws/my_sos/install/my_sos', 'merge_install': False, 'path': '/home/evrey/ros2_ws/my_sos', 'symlink_install': False, 'test_result_base': None}
[1.720s] INFO:colcon.colcon_core.executor:Executing jobs using 'parallel' executor
[1.724s] DEBUG:colcon.colcon_parallel_executor.executor.parallel:run_until_complete
[1.725s] INFO:colcon.colcon_ros.task.ament_python.build:Building ROS package in '/home/evrey/ros2_ws/my_sos' with build type 'ament_python'
[1.726s] Level 1:colcon.colcon_core.shell:create_environment_hook('my_sos', 'ament_prefix_path')
[1.735s] INFO:colcon.colcon_core.plugin_system:Skipping extension 'colcon_core.shell.bat': Not used on non-Windows systems
[1.736s] INFO:colcon.colcon_core.shell:Creating environment hook '/home/evrey/ros2_ws/my_sos/install/my_sos/share/my_sos/hook/ament_prefix_path.ps1'
[1.738s] INFO:colcon.colcon_core.shell:Creating environment descriptor '/home/evrey/ros2_ws/my_sos/install/my_sos/share/my_sos/hook/ament_prefix_path.dsv'
[1.741s] INFO:colcon.colcon_core.shell:Creating environment hook '/home/evrey/ros2_ws/my_sos/install/my_sos/share/my_sos/hook/ament_prefix_path.sh'
[1.745s] INFO:colcon.colcon_core.shell:Skip shell extension 'powershell' for command environment: Not usable outside of PowerShell
[1.746s] DEBUG:colcon.colcon_core.shell:Skip shell extension 'dsv' for command environment
[3.011s] INFO:colcon.colcon_core.task.python.build:Building Python package in '/home/evrey/ros2_ws/my_sos'
[3.012s] INFO:colcon.colcon_core.shell:Skip shell extension 'powershell' for command environment: Not usable outside of PowerShell
[3.012s] DEBUG:colcon.colcon_core.shell:Skip shell extension 'dsv' for command environment
[4.556s] DEBUG:colcon.colcon_core.event_handler.log_command:Invoking command in '/home/evrey/ros2_ws/my_sos': PYTHONPATH=/home/evrey/ros2_ws/my_sos/build/my_sos/prefix_override:/usr/lib/python3/dist-packages/colcon_core/task/python/colcon_distutils_commands:/home/evrey/ros2_ws/my_sos/install/my_sos/lib/python3.10/site-packages:${PYTHONPATH} /usr/bin/python3 -W ignore:setup.py install is deprecated setup.py egg_info --egg-base build/my_sos build --build-base /home/evrey/ros2_ws/my_sos/build/my_sos/build install --record /home/evrey/ros2_ws/my_sos/build/my_sos/install.log --single-version-externally-managed install_data
[5.973s] DEBUG:colcon.colcon_core.event_handler.log_command:Invoked command in '/home/evrey/ros2_ws/my_sos' returned '0': PYTHONPATH=/home/evrey/ros2_ws/my_sos/build/my_sos/prefix_override:/usr/lib/python3/dist-packages/colcon_core/task/python/colcon_distutils_commands:/home/evrey/ros2_ws/my_sos/install/my_sos/lib/python3.10/site-packages:${PYTHONPATH} /usr/bin/python3 -W ignore:setup.py install is deprecated setup.py egg_info --egg-base build/my_sos build --build-base /home/evrey/ros2_ws/my_sos/build/my_sos/build install --record /home/evrey/ros2_ws/my_sos/build/my_sos/install.log --single-version-externally-managed install_data
[5.984s] Level 1:colcon.colcon_core.environment:checking '/home/evrey/ros2_ws/my_sos/install/my_sos' for CMake module files
[5.986s] Level 1:colcon.colcon_core.environment:checking '/home/evrey/ros2_ws/my_sos/install/my_sos' for CMake config files
[5.989s] Level 1:colcon.colcon_core.environment:checking '/home/evrey/ros2_ws/my_sos/install/my_sos/lib'
[5.990s] Level 1:colcon.colcon_core.environment:checking '/home/evrey/ros2_ws/my_sos/install/my_sos/bin'
[5.990s] Level 1:colcon.colcon_core.environment:checking '/home/evrey/ros2_ws/my_sos/install/my_sos/lib/pkgconfig/my_sos.pc'
[5.991s] Level 1:colcon.colcon_core.environment:checking '/home/evrey/ros2_ws/my_sos/install/my_sos/lib/python3.10/site-packages'
[5.992s] Level 1:colcon.colcon_core.shell:create_environment_hook('my_sos', 'pythonpath')
[5.995s] INFO:colcon.colcon_core.shell:Creating environment hook '/home/evrey/ros2_ws/my_sos/install/my_sos/share/my_sos/hook/pythonpath.ps1'
[5.999s] INFO:colcon.colcon_core.shell:Creating environment descriptor '/home/evrey/ros2_ws/my_sos/install/my_sos/share/my_sos/hook/pythonpath.dsv'
[6.002s] INFO:colcon.colcon_core.shell:Creating environment hook '/home/evrey/ros2_ws/my_sos/install/my_sos/share/my_sos/hook/pythonpath.sh'
[6.005s] Level 1:colcon.colcon_core.environment:checking '/home/evrey/ros2_ws/my_sos/install/my_sos/bin'
[6.006s] Level 1:colcon.colcon_core.environment:create_environment_scripts_only(my_sos)
[6.008s] INFO:colcon.colcon_core.shell:Creating package script '/home/evrey/ros2_ws/my_sos/install/my_sos/share/my_sos/package.ps1'
[6.011s] INFO:colcon.colcon_core.shell:Creating package descriptor '/home/evrey/ros2_ws/my_sos/install/my_sos/share/my_sos/package.dsv'
[6.016s] INFO:colcon.colcon_core.shell:Creating package script '/home/evrey/ros2_ws/my_sos/install/my_sos/share/my_sos/package.sh'
[6.020s] INFO:colcon.colcon_core.shell:Creating package script '/home/evrey/ros2_ws/my_sos/install/my_sos/share/my_sos/package.bash'
[6.023s] INFO:colcon.colcon_core.shell:Creating package script '/home/evrey/ros2_ws/my_sos/install/my_sos/share/my_sos/package.zsh'
[6.025s] Level 1:colcon.colcon_core.environment:create_file_with_runtime_dependencies(/home/evrey/ros2_ws/my_sos/install/my_sos/share/colcon-core/packages/my_sos)
[6.026s] DEBUG:colcon.colcon_parallel_executor.executor.parallel:closing loop
[6.026s] DEBUG:colcon.colcon_parallel_executor.executor.parallel:loop closed
[6.026s] DEBUG:colcon.colcon_parallel_executor.executor.parallel:run_until_complete finished with '0'
[6.026s] DEBUG:colcon.colcon_core.event_reactor:joining thread
[6.055s] INFO:colcon.colcon_core.plugin_system:Skipping extension 'colcon_notification.desktop_notification.terminal_notifier': Not used on non-Darwin systems
[6.057s] INFO:colcon.colcon_core.plugin_system:Skipping extension 'colcon_notification.desktop_notification.win32': Not used on non-Windows systems
[6.057s] INFO:colcon.colcon_notification.desktop_notification:Sending desktop notification using 'notify2'
[6.104s] DEBUG:colcon.colcon_core.event_reactor:joined thread
[6.106s] INFO:colcon.colcon_core.shell:Creating prefix script '/home/evrey/ros2_ws/my_sos/install/local_setup.ps1'
[6.109s] INFO:colcon.colcon_core.shell:Creating prefix util module '/home/evrey/ros2_ws/my_sos/install/_local_setup_util_ps1.py'
[6.117s] INFO:colcon.colcon_core.shell:Creating prefix chain script '/home/evrey/ros2_ws/my_sos/install/setup.ps1'
[6.124s] INFO:colcon.colcon_core.shell:Creating prefix script '/home/evrey/ros2_ws/my_sos/install/local_setup.sh'
[6.127s] INFO:colcon.colcon_core.shell:Creating prefix util module '/home/evrey/ros2_ws/my_sos/install/_local_setup_util_sh.py'
[6.131s] INFO:colcon.colcon_core.shell:Creating prefix chain script '/home/evrey/ros2_ws/my_sos/install/setup.sh'
[6.142s] INFO:colcon.colcon_core.shell:Creating prefix script '/home/evrey/ros2_ws/my_sos/install/local_setup.bash'
[6.147s] INFO:colcon.colcon_core.shell:Creating prefix chain script '/home/evrey/ros2_ws/my_sos/install/setup.bash'
[6.154s] INFO:colcon.colcon_core.shell:Creating prefix script '/home/evrey/ros2_ws/my_sos/install/local_setup.zsh'
[6.157s] INFO:colcon.colcon_core.shell:Creating prefix chain script '/home/evrey/ros2_ws/my_sos/install/setup.zsh'
