[2.391s] Invoking command in '/home/evrey/ros2_ws/my_sos': PYTHONPATH=/home/evrey/ros2_ws/my_sos/build/my_sos/prefix_override:/usr/lib/python3/dist-packages/colcon_core/task/python/colcon_distutils_commands:/home/evrey/ros2_ws/my_sos/install/my_sos/lib/python3.10/site-packages:${PYTHONPATH} /usr/bin/python3 -W ignore:setup.py install is deprecated setup.py egg_info --egg-base build/my_sos build --build-base /home/evrey/ros2_ws/my_sos/build/my_sos/build install --record /home/evrey/ros2_ws/my_sos/build/my_sos/install.log --single-version-externally-managed install_data
[3.193s] running egg_info
[3.196s] writing build/my_sos/my_sos.egg-info/PKG-INFO
[3.196s] writing dependency_links to build/my_sos/my_sos.egg-info/dependency_links.txt
[3.196s] writing entry points to build/my_sos/my_sos.egg-info/entry_points.txt
[3.197s] writing requirements to build/my_sos/my_sos.egg-info/requires.txt
[3.197s] writing top-level names to build/my_sos/my_sos.egg-info/top_level.txt
[3.203s] reading manifest file 'build/my_sos/my_sos.egg-info/SOURCES.txt'
[3.207s] writing manifest file 'build/my_sos/my_sos.egg-info/SOURCES.txt'
[3.207s] running build
[3.208s] running build_py
[3.208s] copying my_sos/velor.py -> /home/evrey/ros2_ws/my_sos/build/my_sos/build/lib/my_sos
[3.208s] running install
[3.209s] running install_lib
[3.212s] copying /home/evrey/ros2_ws/my_sos/build/my_sos/build/lib/my_sos/velor.py -> /home/evrey/ros2_ws/my_sos/install/my_sos/lib/python3.10/site-packages/my_sos
[3.215s] byte-compiling /home/evrey/ros2_ws/my_sos/install/my_sos/lib/python3.10/site-packages/my_sos/velor.py to velor.cpython-310.pyc
[3.220s] running install_data
[3.220s] running install_egg_info
[3.230s] removing '/home/evrey/ros2_ws/my_sos/install/my_sos/lib/python3.10/site-packages/my_sos-0.0.0-py3.10.egg-info' (and everything under it)
[3.230s] Copying build/my_sos/my_sos.egg-info to /home/evrey/ros2_ws/my_sos/install/my_sos/lib/python3.10/site-packages/my_sos-0.0.0-py3.10.egg-info
[3.232s] running install_scripts
[3.316s] Installing cv2_vis script to /home/evrey/ros2_ws/my_sos/install/my_sos/lib/my_sos
[3.318s] Installing sos_vis script to /home/evrey/ros2_ws/my_sos/install/my_sos/lib/my_sos
[3.319s] Installing velor script to /home/evrey/ros2_ws/my_sos/install/my_sos/lib/my_sos
[3.321s] writing list of installed files to '/home/evrey/ros2_ws/my_sos/build/my_sos/install.log'
[3.482s] Invoked command in '/home/evrey/ros2_ws/my_sos' returned '0': PYTHONPATH=/home/evrey/ros2_ws/my_sos/build/my_sos/prefix_override:/usr/lib/python3/dist-packages/colcon_core/task/python/colcon_distutils_commands:/home/evrey/ros2_ws/my_sos/install/my_sos/lib/python3.10/site-packages:${PYTHONPATH} /usr/bin/python3 -W ignore:setup.py install is deprecated setup.py egg_info --egg-base build/my_sos build --build-base /home/evrey/ros2_ws/my_sos/build/my_sos/build install --record /home/evrey/ros2_ws/my_sos/build/my_sos/install.log --single-version-externally-managed install_data
