[1.611s] Invoking command in '/home/evrey/ros2_ws/my_sos': PYTHONPATH=/home/evrey/ros2_ws/my_sos/build/my_sos/prefix_override:/usr/lib/python3/dist-packages/colcon_core/task/python/colcon_distutils_commands:/home/evrey/ros2_ws/my_sos/install/my_sos/lib/python3.10/site-packages:${PYTHONPATH} /usr/bin/python3 -W ignore:setup.py install is deprecated setup.py egg_info --egg-base build/my_sos build --build-base /home/evrey/ros2_ws/my_sos/build/my_sos/build install --record /home/evrey/ros2_ws/my_sos/build/my_sos/install.log --single-version-externally-managed install_data
[2.154s] running egg_info
[2.155s] writing build/my_sos/my_sos.egg-info/PKG-INFO
[2.155s] writing dependency_links to build/my_sos/my_sos.egg-info/dependency_links.txt
[2.156s] writing entry points to build/my_sos/my_sos.egg-info/entry_points.txt
[2.156s] writing requirements to build/my_sos/my_sos.egg-info/requires.txt
[2.157s] writing top-level names to build/my_sos/my_sos.egg-info/top_level.txt
[2.165s] reading manifest file 'build/my_sos/my_sos.egg-info/SOURCES.txt'
[2.166s] writing manifest file 'build/my_sos/my_sos.egg-info/SOURCES.txt'
[2.167s] running build
[2.167s] running build_py
[2.167s] copying my_sos/camera.py -> /home/evrey/ros2_ws/my_sos/build/my_sos/build/lib/my_sos
[2.167s] running install
[2.168s] running install_lib
[2.169s] copying /home/evrey/ros2_ws/my_sos/build/my_sos/build/lib/my_sos/camera.py -> /home/evrey/ros2_ws/my_sos/install/my_sos/lib/python3.10/site-packages/my_sos
[2.171s] byte-compiling /home/evrey/ros2_ws/my_sos/install/my_sos/lib/python3.10/site-packages/my_sos/camera.py to camera.cpython-310.pyc
[2.173s] running install_data
[2.174s] running install_egg_info
[2.178s] removing '/home/evrey/ros2_ws/my_sos/install/my_sos/lib/python3.10/site-packages/my_sos-0.0.0-py3.10.egg-info' (and everything under it)
[2.179s] Copying build/my_sos/my_sos.egg-info to /home/evrey/ros2_ws/my_sos/install/my_sos/lib/python3.10/site-packages/my_sos-0.0.0-py3.10.egg-info
[2.180s] running install_scripts
[2.244s] Installing cv2_vis script to /home/evrey/ros2_ws/my_sos/install/my_sos/lib/my_sos
[2.245s] writing list of installed files to '/home/evrey/ros2_ws/my_sos/build/my_sos/install.log'
[2.341s] Invoked command in '/home/evrey/ros2_ws/my_sos' returned '0': PYTHONPATH=/home/evrey/ros2_ws/my_sos/build/my_sos/prefix_override:/usr/lib/python3/dist-packages/colcon_core/task/python/colcon_distutils_commands:/home/evrey/ros2_ws/my_sos/install/my_sos/lib/python3.10/site-packages:${PYTHONPATH} /usr/bin/python3 -W ignore:setup.py install is deprecated setup.py egg_info --egg-base build/my_sos build --build-base /home/evrey/ros2_ws/my_sos/build/my_sos/build install --record /home/evrey/ros2_ws/my_sos/build/my_sos/install.log --single-version-externally-managed install_data
