[0.617s] Invoking command in '/home/evrey/ros2_ws/my_sos': PYTHONPATH=/home/evrey/ros2_ws/my_sos/build/my_sos/prefix_override:/usr/lib/python3/dist-packages/colcon_core/task/python/colcon_distutils_commands:/home/evrey/ros2_ws/my_sos/install/my_sos/lib/python3.10/site-packages:${PYTHONPATH} /usr/bin/python3 -W ignore:setup.py install is deprecated setup.py egg_info --egg-base build/my_sos build --build-base /home/evrey/ros2_ws/my_sos/build/my_sos/build install --record /home/evrey/ros2_ws/my_sos/build/my_sos/install.log --single-version-externally-managed install_data
[0.908s] running egg_info
[0.909s] writing build/my_sos/my_sos.egg-info/PKG-INFO
[0.910s] writing dependency_links to build/my_sos/my_sos.egg-info/dependency_links.txt
[0.910s] writing entry points to build/my_sos/my_sos.egg-info/entry_points.txt
[0.910s] writing requirements to build/my_sos/my_sos.egg-info/requires.txt
[0.910s] writing top-level names to build/my_sos/my_sos.egg-info/top_level.txt
[0.913s] reading manifest file 'build/my_sos/my_sos.egg-info/SOURCES.txt'
[0.914s] writing manifest file 'build/my_sos/my_sos.egg-info/SOURCES.txt'
[0.914s] running build
[0.914s] running build_py
[0.914s] copying my_sos/sos.py -> /home/evrey/ros2_ws/my_sos/build/my_sos/build/lib/my_sos
[0.914s] running install
[0.915s] running install_lib
[0.916s] copying /home/evrey/ros2_ws/my_sos/build/my_sos/build/lib/my_sos/sos.py -> /home/evrey/ros2_ws/my_sos/install/my_sos/lib/python3.10/site-packages/my_sos
[0.916s] byte-compiling /home/evrey/ros2_ws/my_sos/install/my_sos/lib/python3.10/site-packages/my_sos/sos.py to sos.cpython-310.pyc
[0.918s] running install_data
[0.919s] running install_egg_info
[0.923s] removing '/home/evrey/ros2_ws/my_sos/install/my_sos/lib/python3.10/site-packages/my_sos-0.0.0-py3.10.egg-info' (and everything under it)
[0.931s] Copying build/my_sos/my_sos.egg-info to /home/evrey/ros2_ws/my_sos/install/my_sos/lib/python3.10/site-packages/my_sos-0.0.0-py3.10.egg-info
[0.932s] running install_scripts
[0.989s] Installing cv2_vis script to /home/evrey/ros2_ws/my_sos/install/my_sos/lib/my_sos
[0.989s] Installing sos_vis script to /home/evrey/ros2_ws/my_sos/install/my_sos/lib/my_sos
[0.990s] Installing velor script to /home/evrey/ros2_ws/my_sos/install/my_sos/lib/my_sos
[0.990s] writing list of installed files to '/home/evrey/ros2_ws/my_sos/build/my_sos/install.log'
[1.088s] Invoked command in '/home/evrey/ros2_ws/my_sos' returned '0': PYTHONPATH=/home/evrey/ros2_ws/my_sos/build/my_sos/prefix_override:/usr/lib/python3/dist-packages/colcon_core/task/python/colcon_distutils_commands:/home/evrey/ros2_ws/my_sos/install/my_sos/lib/python3.10/site-packages:${PYTHONPATH} /usr/bin/python3 -W ignore:setup.py install is deprecated setup.py egg_info --egg-base build/my_sos build --build-base /home/evrey/ros2_ws/my_sos/build/my_sos/build install --record /home/evrey/ros2_ws/my_sos/build/my_sos/install.log --single-version-externally-managed install_data
