[0.673s] Invoking command in '/home/evrey/ros2_ws/autorace_core_SkufLords': PYTHONPATH=/home/evrey/ros2_ws/autorace_core_SkufLords/build/autorace_core_SkufLords/prefix_override:/usr/lib/python3/dist-packages/colcon_core/task/python/colcon_distutils_commands:/home/evrey/ros2_ws/autorace_core_SkufLords/install/autorace_core_SkufLords/lib/python3.10/site-packages:${PYTHONPATH} /usr/bin/python3 -W ignore:setup.py install is deprecated setup.py egg_info --egg-base build/autorace_core_SkufLords build --build-base /home/evrey/ros2_ws/autorace_core_SkufLords/build/autorace_core_SkufLords/build install --record /home/evrey/ros2_ws/autorace_core_SkufLords/build/autorace_core_SkufLords/install.log --single-version-externally-managed install_data
[0.942s] running egg_info
[0.943s] writing build/autorace_core_SkufLords/autorace_core_SkufLords.egg-info/PKG-INFO
[0.943s] writing dependency_links to build/autorace_core_SkufLords/autorace_core_SkufLords.egg-info/dependency_links.txt
[0.943s] writing entry points to build/autorace_core_SkufLords/autorace_core_SkufLords.egg-info/entry_points.txt
[0.943s] writing requirements to build/autorace_core_SkufLords/autorace_core_SkufLords.egg-info/requires.txt
[0.943s] writing top-level names to build/autorace_core_SkufLords/autorace_core_SkufLords.egg-info/top_level.txt
[0.946s] reading manifest file 'build/autorace_core_SkufLords/autorace_core_SkufLords.egg-info/SOURCES.txt'
[0.948s] writing manifest file 'build/autorace_core_SkufLords/autorace_core_SkufLords.egg-info/SOURCES.txt'
[0.948s] running build
[0.948s] running build_py
[0.948s] copying autorace_core_SkufLords/road_analyze.py -> /home/evrey/ros2_ws/autorace_core_SkufLords/build/autorace_core_SkufLords/build/lib/autorace_core_SkufLords
[0.949s] running install
[0.949s] running install_lib
[0.950s] copying /home/evrey/ros2_ws/autorace_core_SkufLords/build/autorace_core_SkufLords/build/lib/autorace_core_SkufLords/road_analyze.py -> /home/evrey/ros2_ws/autorace_core_SkufLords/install/autorace_core_SkufLords/lib/python3.10/site-packages/autorace_core_SkufLords
[0.951s] byte-compiling /home/evrey/ros2_ws/autorace_core_SkufLords/install/autorace_core_SkufLords/lib/python3.10/site-packages/autorace_core_SkufLords/road_analyze.py to road_analyze.cpython-310.pyc
[0.954s] running install_data
[0.954s] running install_egg_info
[0.956s] removing '/home/evrey/ros2_ws/autorace_core_SkufLords/install/autorace_core_SkufLords/lib/python3.10/site-packages/autorace_core_SkufLords-0.0.0-py3.10.egg-info' (and everything under it)
[0.957s] Copying build/autorace_core_SkufLords/autorace_core_SkufLords.egg-info to /home/evrey/ros2_ws/autorace_core_SkufLords/install/autorace_core_SkufLords/lib/python3.10/site-packages/autorace_core_SkufLords-0.0.0-py3.10.egg-info
[0.957s] running install_scripts
[0.977s] Installing cv2_vis script to /home/evrey/ros2_ws/autorace_core_SkufLords/install/autorace_core_SkufLords/lib/autorace_core_SkufLords
[0.977s] Installing detect script to /home/evrey/ros2_ws/autorace_core_SkufLords/install/autorace_core_SkufLords/lib/autorace_core_SkufLords
[0.977s] Installing lidar_greedy script to /home/evrey/ros2_ws/autorace_core_SkufLords/install/autorace_core_SkufLords/lib/autorace_core_SkufLords
[0.977s] Installing road_analyze script to /home/evrey/ros2_ws/autorace_core_SkufLords/install/autorace_core_SkufLords/lib/autorace_core_SkufLords
[0.977s] Installing velor script to /home/evrey/ros2_ws/autorace_core_SkufLords/install/autorace_core_SkufLords/lib/autorace_core_SkufLords
[0.977s] writing list of installed files to '/home/evrey/ros2_ws/autorace_core_SkufLords/build/autorace_core_SkufLords/install.log'
[1.003s] Invoked command in '/home/evrey/ros2_ws/autorace_core_SkufLords' returned '0': PYTHONPATH=/home/evrey/ros2_ws/autorace_core_SkufLords/build/autorace_core_SkufLords/prefix_override:/usr/lib/python3/dist-packages/colcon_core/task/python/colcon_distutils_commands:/home/evrey/ros2_ws/autorace_core_SkufLords/install/autorace_core_SkufLords/lib/python3.10/site-packages:${PYTHONPATH} /usr/bin/python3 -W ignore:setup.py install is deprecated setup.py egg_info --egg-base build/autorace_core_SkufLords build --build-base /home/evrey/ros2_ws/autorace_core_SkufLords/build/autorace_core_SkufLords/build install --record /home/evrey/ros2_ws/autorace_core_SkufLords/build/autorace_core_SkufLords/install.log --single-version-externally-managed install_data
