running egg_info
writing build/autorace_core_SkufLords/autorace_core_SkufLords.egg-info/PKG-INFO
writing dependency_links to build/autorace_core_SkufLords/autorace_core_SkufLords.egg-info/dependency_links.txt
writing entry points to build/autorace_core_SkufLords/autorace_core_SkufLords.egg-info/entry_points.txt
writing requirements to build/autorace_core_SkufLords/autorace_core_SkufLords.egg-info/requires.txt
writing top-level names to build/autorace_core_SkufLords/autorace_core_SkufLords.egg-info/top_level.txt
reading manifest file 'build/autorace_core_SkufLords/autorace_core_SkufLords.egg-info/SOURCES.txt'
writing manifest file 'build/autorace_core_SkufLords/autorace_core_SkufLords.egg-info/SOURCES.txt'
running build
running build_py
copying autorace_core_SkufLords/road_analyze.py -> /home/evrey/ros2_ws/autorace_core_SkufLords/build/autorace_core_SkufLords/build/lib/autorace_core_SkufLords
running install
running install_lib
copying /home/evrey/ros2_ws/autorace_core_SkufLords/build/autorace_core_SkufLords/build/lib/autorace_core_SkufLords/road_analyze.py -> /home/evrey/ros2_ws/autorace_core_SkufLords/install/autorace_core_SkufLords/lib/python3.10/site-packages/autorace_core_SkufLords
byte-compiling /home/evrey/ros2_ws/autorace_core_SkufLords/install/autorace_core_SkufLords/lib/python3.10/site-packages/autorace_core_SkufLords/road_analyze.py to road_analyze.cpython-310.pyc
running install_data
running install_egg_info
removing '/home/evrey/ros2_ws/autorace_core_SkufLords/install/autorace_core_SkufLords/lib/python3.10/site-packages/autorace_core_SkufLords-0.0.0-py3.10.egg-info' (and everything under it)
Copying build/autorace_core_SkufLords/autorace_core_SkufLords.egg-info to /home/evrey/ros2_ws/autorace_core_SkufLords/install/autorace_core_SkufLords/lib/python3.10/site-packages/autorace_core_SkufLords-0.0.0-py3.10.egg-info
running install_scripts
Installing cv2_vis script to /home/evrey/ros2_ws/autorace_core_SkufLords/install/autorace_core_SkufLords/lib/autorace_core_SkufLords
Installing detect script to /home/evrey/ros2_ws/autorace_core_SkufLords/install/autorace_core_SkufLords/lib/autorace_core_SkufLords
Installing lidar_greedy script to /home/evrey/ros2_ws/autorace_core_SkufLords/install/autorace_core_SkufLords/lib/autorace_core_SkufLords
Installing road_analyze script to /home/evrey/ros2_ws/autorace_core_SkufLords/install/autorace_core_SkufLords/lib/autorace_core_SkufLords
Installing velor script to /home/evrey/ros2_ws/autorace_core_SkufLords/install/autorace_core_SkufLords/lib/autorace_core_SkufLords
writing list of installed files to '/home/evrey/ros2_ws/autorace_core_SkufLords/build/autorace_core_SkufLords/install.log'
