/home/maxim/git_reps/Robotech/autorace_core_SkufLords/install/autorace_core_SkufLords/lib/python3.10/site-packages/autorace_core_SkufLords/velor.py
/home/maxim/git_reps/Robotech/autorace_core_SkufLords/install/autorace_core_SkufLords/lib/python3.10/site-packages/autorace_core_SkufLords/camera.py
/home/maxim/git_reps/Robotech/autorace_core_SkufLords/install/autorace_core_SkufLords/lib/python3.10/site-packages/autorace_core_SkufLords/__init__.py
/home/maxim/git_reps/Robotech/autorace_core_SkufLords/install/autorace_core_SkufLords/lib/python3.10/site-packages/autorace_core_SkufLords/detect.py
/home/maxim/git_reps/Robotech/autorace_core_SkufLords/install/autorace_core_SkufLords/lib/python3.10/site-packages/autorace_core_SkufLords/road_analyze.py
/home/maxim/git_reps/Robotech/autorace_core_SkufLords/install/autorace_core_SkufLords/lib/python3.10/site-packages/autorace_core_SkufLords/__pycache__/velor.cpython-310.pyc
/home/maxim/git_reps/Robotech/autorace_core_SkufLords/install/autorace_core_SkufLords/lib/python3.10/site-packages/autorace_core_SkufLords/__pycache__/camera.cpython-310.pyc
/home/maxim/git_reps/Robotech/autorace_core_SkufLords/install/autorace_core_SkufLords/lib/python3.10/site-packages/autorace_core_SkufLords/__pycache__/__init__.cpython-310.pyc
/home/maxim/git_reps/Robotech/autorace_core_SkufLords/install/autorace_core_SkufLords/lib/python3.10/site-packages/autorace_core_SkufLords/__pycache__/detect.cpython-310.pyc
/home/maxim/git_reps/Robotech/autorace_core_SkufLords/install/autorace_core_SkufLords/lib/python3.10/site-packages/autorace_core_SkufLords/__pycache__/road_analyze.cpython-310.pyc
/home/maxim/git_reps/Robotech/autorace_core_SkufLords/install/autorace_core_SkufLords/share/ament_index/resource_index/packages/autorace_core_SkufLords
/home/maxim/git_reps/Robotech/autorace_core_SkufLords/install/autorace_core_SkufLords/share/autorace_core_SkufLords/package.xml
/home/maxim/git_reps/Robotech/autorace_core_SkufLords/install/autorace_core_SkufLords/share/autorace_core_SkufLords/materials/pedestrian_crossing_sign.png
/home/maxim/git_reps/Robotech/autorace_core_SkufLords/install/autorace_core_SkufLords/share/autorace_core_SkufLords/materials/traffic_left.png
/home/maxim/git_reps/Robotech/autorace_core_SkufLords/install/autorace_core_SkufLords/share/autorace_core_SkufLords/materials/traffic_intersection.png
/home/maxim/git_reps/Robotech/autorace_core_SkufLords/install/autorace_core_SkufLords/share/autorace_core_SkufLords/materials/traffic_right.png
/home/maxim/git_reps/Robotech/autorace_core_SkufLords/install/autorace_core_SkufLords/share/autorace_core_SkufLords/materials/traffic_construction.png
/home/maxim/git_reps/Robotech/autorace_core_SkufLords/install/autorace_core_SkufLords/share/autorace_core_SkufLords/materials/tunnel.png
/home/maxim/git_reps/Robotech/autorace_core_SkufLords/install/autorace_core_SkufLords/share/autorace_core_SkufLords/materials/traffic_parking.png
/home/maxim/git_reps/Robotech/autorace_core_SkufLords/install/autorace_core_SkufLords/share/autorace_core_SkufLords/launch/autorace_core.launch.py
/home/maxim/git_reps/Robotech/autorace_core_SkufLords/install/autorace_core_SkufLords/share/autorace_core_SkufLords/util/best.pt
/home/maxim/git_reps/Robotech/autorace_core_SkufLords/install/autorace_core_SkufLords/lib/python3.10/site-packages/autorace_core_SkufLords-0.0.0-py3.10.egg-info/zip-safe
/home/maxim/git_reps/Robotech/autorace_core_SkufLords/install/autorace_core_SkufLords/lib/python3.10/site-packages/autorace_core_SkufLords-0.0.0-py3.10.egg-info/dependency_links.txt
/home/maxim/git_reps/Robotech/autorace_core_SkufLords/install/autorace_core_SkufLords/lib/python3.10/site-packages/autorace_core_SkufLords-0.0.0-py3.10.egg-info/PKG-INFO
/home/maxim/git_reps/Robotech/autorace_core_SkufLords/install/autorace_core_SkufLords/lib/python3.10/site-packages/autorace_core_SkufLords-0.0.0-py3.10.egg-info/top_level.txt
/home/maxim/git_reps/Robotech/autorace_core_SkufLords/install/autorace_core_SkufLords/lib/python3.10/site-packages/autorace_core_SkufLords-0.0.0-py3.10.egg-info/SOURCES.txt
/home/maxim/git_reps/Robotech/autorace_core_SkufLords/install/autorace_core_SkufLords/lib/python3.10/site-packages/autorace_core_SkufLords-0.0.0-py3.10.egg-info/requires.txt
/home/maxim/git_reps/Robotech/autorace_core_SkufLords/install/autorace_core_SkufLords/lib/python3.10/site-packages/autorace_core_SkufLords-0.0.0-py3.10.egg-info/entry_points.txt
/home/maxim/git_reps/Robotech/autorace_core_SkufLords/install/autorace_core_SkufLords/lib/autorace_core_SkufLords/cv2_vis
/home/maxim/git_reps/Robotech/autorace_core_SkufLords/install/autorace_core_SkufLords/lib/autorace_core_SkufLords/detect
/home/maxim/git_reps/Robotech/autorace_core_SkufLords/install/autorace_core_SkufLords/lib/autorace_core_SkufLords/lidar_greedy
/home/maxim/git_reps/Robotech/autorace_core_SkufLords/install/autorace_core_SkufLords/lib/autorace_core_SkufLords/road_analyze
/home/maxim/git_reps/Robotech/autorace_core_SkufLords/install/autorace_core_SkufLords/lib/autorace_core_SkufLords/velor
