[0.327s] DEBUG:colcon:Command line arguments: ['/usr/bin/colcon', 'build']
[0.327s] DEBUG:colcon:Parsed command line arguments: Namespace(log_base=None, log_level=None, verb_name='build', build_base='build', install_base='install', merge_install=False, symlink_install=False, test_result_base=None, continue_on_error=False, executor='parallel', parallel_workers=8, event_handlers=None, ignore_user_meta=False, metas=['./colcon.meta'], base_paths=['.'], packages_ignore=None, packages_ignore_regex=None, paths=None, packages_up_to=None, packages_up_to_regex=None, packages_above=None, packages_above_and_dependencies=None, packages_above_depth=None, packages_select_by_dep=None, packages_skip_by_dep=None, packages_skip_up_to=None, packages_select_build_failed=False, packages_skip_build_finished=False, packages_select_test_failures=False, packages_skip_test_passed=False, packages_select=None, packages_skip=None, packages_select_regex=None, packages_skip_regex=None, packages_start=None, packages_end=None, allow_overriding=[], cmake_args=None, cmake_target=None, cmake_target_skip_unavailable=False, cmake_clean_cache=False, cmake_clean_first=False, cmake_force_configure=False, ament_cmake_args=None, catkin_cmake_args=None, catkin_skip_building_tests=False, mixin_files=None, mixin=None, verb_parser=<colcon_mixin.mixin.mixin_argument.MixinArgumentDecorator object at 0x709dc054a8f0>, verb_extension=<colcon_core.verb.build.BuildVerb object at 0x709dc063a830>, main=<bound method BuildVerb.main of <colcon_core.verb.build.BuildVerb object at 0x709dc063a830>>, mixin_verb=('build',))
[0.773s] Level 1:colcon.colcon_core.package_discovery:discover_packages(colcon_meta) check parameters
[0.773s] Level 1:colcon.colcon_core.package_discovery:discover_packages(recursive) check parameters
[0.773s] Level 1:colcon.colcon_core.package_discovery:discover_packages(ignore) check parameters
[0.773s] Level 1:colcon.colcon_core.package_discovery:discover_packages(path) check parameters
[0.774s] Level 1:colcon.colcon_core.package_discovery:discover_packages(colcon_meta) discover
[0.774s] Level 1:colcon.colcon_core.package_discovery:discover_packages(recursive) discover
[0.774s] INFO:colcon.colcon_core.package_discovery:Crawling recursively for packages in '/home/evrey/ros2_ws/my_sos'
[0.774s] Level 1:colcon.colcon_core.package_identification:_identify(.) by extensions ['ignore', 'ignore_ament_install']
[0.775s] Level 1:colcon.colcon_core.package_identification:_identify(.) by extension 'ignore'
[0.775s] Level 1:colcon.colcon_core.package_identification:_identify(.) by extension 'ignore_ament_install'
[0.775s] Level 1:colcon.colcon_core.package_identification:_identify(.) by extensions ['colcon_pkg']
[0.776s] Level 1:colcon.colcon_core.package_identification:_identify(.) by extension 'colcon_pkg'
[0.776s] Level 1:colcon.colcon_core.package_identification:_identify(.) by extensions ['colcon_meta']
[0.776s] Level 1:colcon.colcon_core.package_identification:_identify(.) by extension 'colcon_meta'
[0.776s] Level 1:colcon.colcon_core.package_identification:_identify(.) by extensions ['ros']
[0.776s] Level 1:colcon.colcon_core.package_identification:_identify(.) by extension 'ros'
[0.809s] DEBUG:colcon.colcon_core.package_identification:Package '.' with type 'ros.ament_python' and name 'my_sos'
[0.809s] Level 1:colcon.colcon_core.package_discovery:discover_packages(recursive) using defaults
[0.809s] Level 1:colcon.colcon_core.package_discovery:discover_packages(ignore) discover
[0.809s] Level 1:colcon.colcon_core.package_discovery:discover_packages(ignore) using defaults
[0.810s] Level 1:colcon.colcon_core.package_discovery:discover_packages(path) discover
[0.810s] Level 1:colcon.colcon_core.package_discovery:discover_packages(path) using defaults
[0.870s] Level 1:colcon.colcon_core.package_discovery:discover_packages(prefix_path) check parameters
[0.870s] Level 1:colcon.colcon_core.package_discovery:discover_packages(prefix_path) discover
[0.874s] DEBUG:colcon.colcon_installed_package_information.package_discovery:Found 1 installed packages in /home/evrey/ros2_ws/my_sos/install
[0.875s] DEBUG:colcon.colcon_installed_package_information.package_discovery:Found 2 installed packages in /home/evrey/ros2_ws/install
[0.877s] DEBUG:colcon.colcon_installed_package_information.package_discovery:Found 293 installed packages in /opt/ros/humble
[0.904s] Level 1:colcon.colcon_core.package_discovery:discover_packages(prefix_path) using defaults
[1.022s] Level 5:colcon.colcon_core.verb:set package 'my_sos' build argument 'cmake_args' from command line to 'None'
[1.022s] Level 5:colcon.colcon_core.verb:set package 'my_sos' build argument 'cmake_target' from command line to 'None'
[1.022s] Level 5:colcon.colcon_core.verb:set package 'my_sos' build argument 'cmake_target_skip_unavailable' from command line to 'False'
[1.022s] Level 5:colcon.colcon_core.verb:set package 'my_sos' build argument 'cmake_clean_cache' from command line to 'False'
[1.022s] Level 5:colcon.colcon_core.verb:set package 'my_sos' build argument 'cmake_clean_first' from command line to 'False'
[1.023s] Level 5:colcon.colcon_core.verb:set package 'my_sos' build argument 'cmake_force_configure' from command line to 'False'
[1.023s] Level 5:colcon.colcon_core.verb:set package 'my_sos' build argument 'ament_cmake_args' from command line to 'None'
[1.023s] Level 5:colcon.colcon_core.verb:set package 'my_sos' build argument 'catkin_cmake_args' from command line to 'None'
[1.023s] Level 5:colcon.colcon_core.verb:set package 'my_sos' build argument 'catkin_skip_building_tests' from command line to 'False'
[1.023s] DEBUG:colcon.colcon_core.verb:Building package 'my_sos' with the following arguments: {'ament_cmake_args': None, 'build_base': '/home/evrey/ros2_ws/my_sos/build/my_sos', 'catkin_cmake_args': None, 'catkin_skip_building_tests': False, 'cmake_args': None, 'cmake_clean_cache': False, 'cmake_clean_first': False, 'cmake_force_configure': False, 'cmake_target': None, 'cmake_target_skip_unavailable': False, 'install_base': '/home/evrey/ros2_ws/my_sos/install/my_sos', 'merge_install': False, 'path': '/home/evrey/ros2_ws/my_sos', 'symlink_install': False, 'test_result_base': None}
[1.023s] INFO:colcon.colcon_core.executor:Executing jobs using 'parallel' executor
[1.025s] DEBUG:colcon.colcon_parallel_executor.executor.parallel:run_until_complete
[1.025s] INFO:colcon.colcon_ros.task.ament_python.build:Building ROS package in '/home/evrey/ros2_ws/my_sos' with build type 'ament_python'
[1.026s] Level 1:colcon.colcon_core.shell:create_environment_hook('my_sos', 'ament_prefix_path')
[1.031s] INFO:colcon.colcon_core.plugin_system:Skipping extension 'colcon_core.shell.bat': Not used on non-Windows systems
[1.033s] INFO:colcon.colcon_core.shell:Creating environment hook '/home/evrey/ros2_ws/my_sos/install/my_sos/share/my_sos/hook/ament_prefix_path.ps1'
[1.037s] INFO:colcon.colcon_core.shell:Creating environment descriptor '/home/evrey/ros2_ws/my_sos/install/my_sos/share/my_sos/hook/ament_prefix_path.dsv'
[1.038s] INFO:colcon.colcon_core.shell:Creating environment hook '/home/evrey/ros2_ws/my_sos/install/my_sos/share/my_sos/hook/ament_prefix_path.sh'
[1.040s] INFO:colcon.colcon_core.shell:Skip shell extension 'powershell' for command environment: Not usable outside of PowerShell
[1.040s] DEBUG:colcon.colcon_core.shell:Skip shell extension 'dsv' for command environment
[1.746s] INFO:colcon.colcon_core.task.python.build:Building Python package in '/home/evrey/ros2_ws/my_sos'
[1.747s] INFO:colcon.colcon_core.shell:Skip shell extension 'powershell' for command environment: Not usable outside of PowerShell
[1.747s] DEBUG:colcon.colcon_core.shell:Skip shell extension 'dsv' for command environment
[2.678s] DEBUG:colcon.colcon_core.event_handler.log_command:Invoking command in '/home/evrey/ros2_ws/my_sos': PYTHONPATH=/home/evrey/ros2_ws/my_sos/build/my_sos/prefix_override:/usr/lib/python3/dist-packages/colcon_core/task/python/colcon_distutils_commands:/home/evrey/ros2_ws/my_sos/install/my_sos/lib/python3.10/site-packages:${PYTHONPATH} /usr/bin/python3 -W ignore:setup.py install is deprecated setup.py egg_info --egg-base build/my_sos build --build-base /home/evrey/ros2_ws/my_sos/build/my_sos/build install --record /home/evrey/ros2_ws/my_sos/build/my_sos/install.log --single-version-externally-managed install_data
[3.480s] DEBUG:colcon.colcon_core.event_handler.log_command:Invoked command in '/home/evrey/ros2_ws/my_sos' returned '0': PYTHONPATH=/home/evrey/ros2_ws/my_sos/build/my_sos/prefix_override:/usr/lib/python3/dist-packages/colcon_core/task/python/colcon_distutils_commands:/home/evrey/ros2_ws/my_sos/install/my_sos/lib/python3.10/site-packages:${PYTHONPATH} /usr/bin/python3 -W ignore:setup.py install is deprecated setup.py egg_info --egg-base build/my_sos build --build-base /home/evrey/ros2_ws/my_sos/build/my_sos/build install --record /home/evrey/ros2_ws/my_sos/build/my_sos/install.log --single-version-externally-managed install_data
[3.485s] Level 1:colcon.colcon_core.environment:checking '/home/evrey/ros2_ws/my_sos/install/my_sos' for CMake module files
[3.486s] Level 1:colcon.colcon_core.environment:checking '/home/evrey/ros2_ws/my_sos/install/my_sos' for CMake config files
[3.487s] Level 1:colcon.colcon_core.environment:checking '/home/evrey/ros2_ws/my_sos/install/my_sos/lib'
[3.488s] Level 1:colcon.colcon_core.environment:checking '/home/evrey/ros2_ws/my_sos/install/my_sos/bin'
[3.488s] Level 1:colcon.colcon_core.environment:checking '/home/evrey/ros2_ws/my_sos/install/my_sos/lib/pkgconfig/my_sos.pc'
[3.489s] Level 1:colcon.colcon_core.environment:checking '/home/evrey/ros2_ws/my_sos/install/my_sos/lib/python3.10/site-packages'
[3.489s] Level 1:colcon.colcon_core.shell:create_environment_hook('my_sos', 'pythonpath')
[3.490s] INFO:colcon.colcon_core.shell:Creating environment hook '/home/evrey/ros2_ws/my_sos/install/my_sos/share/my_sos/hook/pythonpath.ps1'
[3.491s] INFO:colcon.colcon_core.shell:Creating environment descriptor '/home/evrey/ros2_ws/my_sos/install/my_sos/share/my_sos/hook/pythonpath.dsv'
[3.492s] INFO:colcon.colcon_core.shell:Creating environment hook '/home/evrey/ros2_ws/my_sos/install/my_sos/share/my_sos/hook/pythonpath.sh'
[3.493s] Level 1:colcon.colcon_core.environment:checking '/home/evrey/ros2_ws/my_sos/install/my_sos/bin'
[3.493s] Level 1:colcon.colcon_core.environment:create_environment_scripts_only(my_sos)
[3.494s] INFO:colcon.colcon_core.shell:Creating package script '/home/evrey/ros2_ws/my_sos/install/my_sos/share/my_sos/package.ps1'
[3.497s] INFO:colcon.colcon_core.shell:Creating package descriptor '/home/evrey/ros2_ws/my_sos/install/my_sos/share/my_sos/package.dsv'
[3.498s] INFO:colcon.colcon_core.shell:Creating package script '/home/evrey/ros2_ws/my_sos/install/my_sos/share/my_sos/package.sh'
[3.500s] INFO:colcon.colcon_core.shell:Creating package script '/home/evrey/ros2_ws/my_sos/install/my_sos/share/my_sos/package.bash'
[3.501s] INFO:colcon.colcon_core.shell:Creating package script '/home/evrey/ros2_ws/my_sos/install/my_sos/share/my_sos/package.zsh'
[3.502s] Level 1:colcon.colcon_core.environment:create_file_with_runtime_dependencies(/home/evrey/ros2_ws/my_sos/install/my_sos/share/colcon-core/packages/my_sos)
[3.503s] DEBUG:colcon.colcon_parallel_executor.executor.parallel:closing loop
[3.504s] DEBUG:colcon.colcon_parallel_executor.executor.parallel:loop closed
[3.504s] DEBUG:colcon.colcon_parallel_executor.executor.parallel:run_until_complete finished with '0'
[3.504s] DEBUG:colcon.colcon_core.event_reactor:joining thread
[3.516s] INFO:colcon.colcon_core.plugin_system:Skipping extension 'colcon_notification.desktop_notification.terminal_notifier': Not used on non-Darwin systems
[3.516s] INFO:colcon.colcon_core.plugin_system:Skipping extension 'colcon_notification.desktop_notification.win32': Not used on non-Windows systems
[3.516s] INFO:colcon.colcon_notification.desktop_notification:Sending desktop notification using 'notify2'
[3.542s] DEBUG:colcon.colcon_core.event_reactor:joined thread
[3.542s] INFO:colcon.colcon_core.shell:Creating prefix script '/home/evrey/ros2_ws/my_sos/install/local_setup.ps1'
[3.544s] INFO:colcon.colcon_core.shell:Creating prefix util module '/home/evrey/ros2_ws/my_sos/install/_local_setup_util_ps1.py'
[3.547s] INFO:colcon.colcon_core.shell:Creating prefix chain script '/home/evrey/ros2_ws/my_sos/install/setup.ps1'
[3.552s] INFO:colcon.colcon_core.shell:Creating prefix script '/home/evrey/ros2_ws/my_sos/install/local_setup.sh'
[3.553s] INFO:colcon.colcon_core.shell:Creating prefix util module '/home/evrey/ros2_ws/my_sos/install/_local_setup_util_sh.py'
[3.554s] INFO:colcon.colcon_core.shell:Creating prefix chain script '/home/evrey/ros2_ws/my_sos/install/setup.sh'
[3.557s] INFO:colcon.colcon_core.shell:Creating prefix script '/home/evrey/ros2_ws/my_sos/install/local_setup.bash'
[3.558s] INFO:colcon.colcon_core.shell:Creating prefix chain script '/home/evrey/ros2_ws/my_sos/install/setup.bash'
[3.561s] INFO:colcon.colcon_core.shell:Creating prefix script '/home/evrey/ros2_ws/my_sos/install/local_setup.zsh'
[3.562s] INFO:colcon.colcon_core.shell:Creating prefix chain script '/home/evrey/ros2_ws/my_sos/install/setup.zsh'
